Component: ARM Compiler 5.06 update 3 (build 300) Tool: armlink [4d35c9]

==============================================================================

Section Cross References

    stm32f10x_adc.o(i.ADC_DeInit) refers to stm32f10x_rcc.o(i.RCC_APB2PeriphResetCmd) for RCC_APB2PeriphResetCmd
    stm32f10x_gpio.o(i.GPIO_AFIODeInit) refers to stm32f10x_rcc.o(i.RCC_APB2PeriphResetCmd) for RCC_APB2PeriphResetCmd
    stm32f10x_gpio.o(i.GPIO_DeInit) refers to stm32f10x_rcc.o(i.RCC_APB2PeriphResetCmd) for RCC_APB2PeriphResetCmd
    stm32f10x_i2c.o(i.I2C_DeInit) refers to stm32f10x_rcc.o(i.RCC_APB1PeriphResetCmd) for RCC_APB1PeriphResetCmd
    stm32f10x_i2c.o(i.I2C_Init) refers to stm32f10x_rcc.o(i.RCC_GetClocksFreq) for RCC_GetClocksFreq
    stm32f10x_rcc.o(i.RCC_GetClocksFreq) refers to stm32f10x_rcc.o(.data) for .data
    stm32f10x_rcc.o(i.RCC_WaitForHSEStartUp) refers to stm32f10x_rcc.o(i.RCC_GetFlagStatus) for RCC_GetFlagStatus
    stm32f10x_tim.o(i.TIM_DeInit) refers to stm32f10x_rcc.o(i.RCC_APB1PeriphResetCmd) for RCC_APB1PeriphResetCmd
    stm32f10x_tim.o(i.TIM_DeInit) refers to stm32f10x_rcc.o(i.RCC_APB2PeriphResetCmd) for RCC_APB2PeriphResetCmd
    stm32f10x_tim.o(i.TIM_ETRClockMode1Config) refers to stm32f10x_tim.o(i.TIM_ETRConfig) for TIM_ETRConfig
    stm32f10x_tim.o(i.TIM_ETRClockMode2Config) refers to stm32f10x_tim.o(i.TIM_ETRConfig) for TIM_ETRConfig
    stm32f10x_tim.o(i.TIM_ICInit) refers to stm32f10x_tim.o(i.TI1_Config) for TI1_Config
    stm32f10x_tim.o(i.TIM_ICInit) refers to stm32f10x_tim.o(i.TIM_SetIC1Prescaler) for TIM_SetIC1Prescaler
    stm32f10x_tim.o(i.TIM_ICInit) refers to stm32f10x_tim.o(i.TI2_Config) for TI2_Config
    stm32f10x_tim.o(i.TIM_ICInit) refers to stm32f10x_tim.o(i.TIM_SetIC2Prescaler) for TIM_SetIC2Prescaler
    stm32f10x_tim.o(i.TIM_ICInit) refers to stm32f10x_tim.o(i.TIM_SetIC3Prescaler) for TIM_SetIC3Prescaler
    stm32f10x_tim.o(i.TIM_ICInit) refers to stm32f10x_tim.o(i.TIM_SetIC4Prescaler) for TIM_SetIC4Prescaler
    stm32f10x_tim.o(i.TIM_ITRxExternalClockConfig) refers to stm32f10x_tim.o(i.TIM_SelectInputTrigger) for TIM_SelectInputTrigger
    stm32f10x_tim.o(i.TIM_PWMIConfig) refers to stm32f10x_tim.o(i.TI2_Config) for TI2_Config
    stm32f10x_tim.o(i.TIM_PWMIConfig) refers to stm32f10x_tim.o(i.TIM_SetIC2Prescaler) for TIM_SetIC2Prescaler
    stm32f10x_tim.o(i.TIM_PWMIConfig) refers to stm32f10x_tim.o(i.TI1_Config) for TI1_Config
    stm32f10x_tim.o(i.TIM_PWMIConfig) refers to stm32f10x_tim.o(i.TIM_SetIC1Prescaler) for TIM_SetIC1Prescaler
    stm32f10x_tim.o(i.TIM_TIxExternalClockConfig) refers to stm32f10x_tim.o(i.TI1_Config) for TI1_Config
    stm32f10x_tim.o(i.TIM_TIxExternalClockConfig) refers to stm32f10x_tim.o(i.TIM_SelectInputTrigger) for TIM_SelectInputTrigger
    stm32f10x_tim.o(i.TIM_TIxExternalClockConfig) refers to stm32f10x_tim.o(i.TI2_Config) for TI2_Config
    stm32f10x_usart.o(i.USART_DeInit) refers to stm32f10x_rcc.o(i.RCC_APB2PeriphResetCmd) for RCC_APB2PeriphResetCmd
    stm32f10x_usart.o(i.USART_DeInit) refers to stm32f10x_rcc.o(i.RCC_APB1PeriphResetCmd) for RCC_APB1PeriphResetCmd
    stm32f10x_usart.o(i.USART_Init) refers to stm32f10x_rcc.o(i.RCC_GetClocksFreq) for RCC_GetClocksFreq
    stm32f10x_pwr.o(i.PWR_DeInit) refers to stm32f10x_rcc.o(i.RCC_APB1PeriphResetCmd) for RCC_APB1PeriphResetCmd
    stm32f10x_flash.o(i.FLASH_EnableWriteProtection) refers to stm32f10x_flash.o(i.FLASH_WaitForLastOperation) for FLASH_WaitForLastOperation
    stm32f10x_flash.o(i.FLASH_EraseAllBank1Pages) refers to stm32f10x_flash.o(i.FLASH_WaitForLastBank1Operation) for FLASH_WaitForLastBank1Operation
    stm32f10x_flash.o(i.FLASH_EraseAllPages) refers to stm32f10x_flash.o(i.FLASH_WaitForLastOperation) for FLASH_WaitForLastOperation
    stm32f10x_flash.o(i.FLASH_EraseOptionBytes) refers to stm32f10x_flash.o(i.FLASH_GetReadOutProtectionStatus) for FLASH_GetReadOutProtectionStatus
    stm32f10x_flash.o(i.FLASH_EraseOptionBytes) refers to stm32f10x_flash.o(i.FLASH_WaitForLastOperation) for FLASH_WaitForLastOperation
    stm32f10x_flash.o(i.FLASH_ErasePage) refers to stm32f10x_flash.o(i.FLASH_WaitForLastOperation) for FLASH_WaitForLastOperation
    stm32f10x_flash.o(i.FLASH_ProgramHalfWord) refers to stm32f10x_flash.o(i.FLASH_WaitForLastOperation) for FLASH_WaitForLastOperation
    stm32f10x_flash.o(i.FLASH_ProgramOptionByteData) refers to stm32f10x_flash.o(i.FLASH_WaitForLastOperation) for FLASH_WaitForLastOperation
    stm32f10x_flash.o(i.FLASH_ProgramWord) refers to stm32f10x_flash.o(i.FLASH_WaitForLastOperation) for FLASH_WaitForLastOperation
    stm32f10x_flash.o(i.FLASH_ReadOutProtection) refers to stm32f10x_flash.o(i.FLASH_WaitForLastOperation) for FLASH_WaitForLastOperation
    stm32f10x_flash.o(i.FLASH_UserOptionByteConfig) refers to stm32f10x_flash.o(i.FLASH_WaitForLastOperation) for FLASH_WaitForLastOperation
    stm32f10x_flash.o(i.FLASH_WaitForLastBank1Operation) refers to stm32f10x_flash.o(i.FLASH_GetBank1Status) for FLASH_GetBank1Status
[...]
    OS_PendDbgNameRemove                     0x080040b9   Thumb Code    22  os_core.o(i.OS_PendDbgNameRemove)
    OS_PendListInsertPrio                    0x080040d5   Thumb Code    90  os_core.o(i.OS_PendListInsertPrio)
    OS_PendListRemove                        0x0800412f   Thumb Code    38  os_core.o(i.OS_PendListRemove)
    OS_PendListRemove1                       0x08004155   Thumb Code    54  os_core.o(i.OS_PendListRemove1)
    OS_Post                                  0x0800418b   Thumb Code   152  os_core.o(i.OS_Post)
    OS_Post1                                 0x08004223   Thumb Code    38  os_core.o(i.OS_Post1)
    OS_PrioGetHighest                        0x08004249   Thumb Code    32  os_prio.o(i.OS_PrioGetHighest)
    OS_PrioInit                              0x0800426d   Thumb Code    20  os_prio.o(i.OS_PrioInit)
    OS_PrioInsert                            0x08004285   Thumb Code    28  os_prio.o(i.OS_PrioInsert)
    OS_PrioRemove                            0x080042a5   Thumb Code    28  os_prio.o(i.OS_PrioRemove)
    OS_QInit                                 0x080042c5   Thumb Code    14  os_q.o(i.OS_QInit)
    OS_QPost                                 0x080042dd   Thumb Code   186  os_q.o(i.OS_QPost)
    OS_RdyListInit                           0x080043a1   Thumb Code    32  os_core.o(i.OS_RdyListInit)
    OS_RdyListInsert                         0x080043c5   Thumb Code    42  os_core.o(i.OS_RdyListInsert)
    OS_RdyListInsertHead                     0x080043f5   Thumb Code    52  os_core.o(i.OS_RdyListInsertHead)
    OS_RdyListInsertTail                     0x0800442d   Thumb Code    48  os_core.o(i.OS_RdyListInsertTail)
    OS_RdyListMoveHeadToTail                 0x08004461   Thumb Code    52  os_core.o(i.OS_RdyListMoveHeadToTail)
    OS_RdyListRemove                         0x08004495   Thumb Code    78  os_core.o(i.OS_RdyListRemove)
    OS_Sched0                                0x080044e9   Thumb Code    50  os_core.o(i.OS_Sched0)
    OS_SchedLockTimeMeasStart                0x0800452d   Thumb Code    20  os_core.o(i.OS_SchedLockTimeMeasStart)
    OS_SchedLockTimeMeasStop                 0x08004549   Thumb Code    42  os_core.o(i.OS_SchedLockTimeMeasStop)
    OS_SchedRoundRobin                       0x08004585   Thumb Code    84  os_core.o(i.OS_SchedRoundRobin)
    OS_SemInit                               0x080045e9   Thumb Code    14  os_sem.o(i.OS_SemInit)
    OS_SemPost                               0x08004601   Thumb Code   174  os_sem.o(i.OS_SemPost)
    OS_StatTask                              0x080046b5   Thumb Code   490  os_stat.o(i.OS_StatTask)
    OS_StatTaskInit                          0x080048e5   Thumb Code   118  os_stat.o(i.OS_StatTaskInit)
    OS_TaskBlock                             0x080049a1   Thumb Code    42  os_core.o(i.OS_TaskBlock)
    OS_TaskDbgListAdd                        0x080049cd   Thumb Code    30  os_task.o(i.OS_TaskDbgListAdd)
    OS_TaskDbgListRemove                     0x080049f1   Thumb Code    50  os_task.o(i.OS_TaskDbgListRemove)
    OS_TaskInit                              0x08004a29   Thumb Code    18  os_task.o(i.OS_TaskInit)
    OS_TaskInitTCB                           0x08004a49   Thumb Code   180  os_task.o(i.OS_TaskInitTCB)
    OS_TaskQPost                             0x08004b09   Thumb Code   222  os_task.o(i.OS_TaskQPost)
    OS_TaskRdy                               0x08004bf5   Thumb Code    28  os_core.o(i.OS_TaskRdy)
    OS_TaskResume                            0x08004c11   Thumb Code   184  os_task.o(i.OS_TaskResume)
    OS_TaskReturn                            0x08004ccd   Thumb Code    20  os_task.o(i.OS_TaskReturn)
    OS_TaskSemPost                           0x08004ce5   Thumb Code   262  os_task.o(i.OS_TaskSemPost)
    OS_TaskSuspend                           0x08004df9   Thumb Code   160  os_task.o(i.OS_TaskSuspend)
    OS_TickListInit                          0x08004ea1   Thumb Code    34  os_tick.o(i.OS_TickListInit)
    OS_TickListInsert                        0x08004ecd   Thumb Code   202  os_tick.o(i.OS_TickListInsert)
    OS_TickListRemove                        0x08004fa5   Thumb Code    54  os_tick.o(i.OS_TickListRemove)
    OS_TickListResetPeak                     0x08004fdd   Thumb Code    30  os_tick.o(i.OS_TickListResetPeak)
    OS_TickListUpdate                        0x08005005   Thumb Code   310  os_tick.o(i.OS_TickListUpdate)
    OS_TickTask                              0x08005155   Thumb Code    36  os_tick.o(i.OS_TickTask)
    OS_TickTaskInit                          0x0800517d   Thumb Code   112  os_tick.o(i.OS_TickTaskInit)
    OS_TmrInit                               0x08005225   Thumb Code   172  os_tmr.o(i.OS_TmrInit)
    OS_TmrLink                               0x08005329   Thumb Code   140  os_tmr.o(i.OS_TmrLink)
    OS_TmrResetPeak                          0x080053c1   Thumb Code    30  os_tmr.o(i.OS_TmrResetPeak)
    OS_TmrTask                               0x080053e9   Thumb Code   146  os_tmr.o(i.OS_TmrTask)
    OS_TmrUnlink                             0x0800548d   Thumb Code    68  os_tmr.o(i.OS_TmrUnlink)
    OrderResponse_Handler                    0x080054d9   Thumb Code   490  protocol.o(i.OrderResponse_Handler)
    PVD_IRQHandler                           0x080057c5   Thumb Code    36  pvd.o(i.PVD_IRQHandler)
    PVD_Init_Config                          0x080057e9   Thumb Code   112  pvd.o(i.PVD_Init_Config)
    PWR_BackupAccessCmd                      0x0800585d   Thumb Code     6  stm32f10x_pwr.o(i.PWR_BackupAccessCmd)
    PWR_EnterSTANDBYMode                     0x08005869   Thumb Code    32  stm32f10x_pwr.o(i.PWR_EnterSTANDBYMode)
    PWR_EnterSTOPMode                        0x08005891   Thumb Code    42  stm32f10x_pwr.o(i.PWR_EnterSTOPMode)
    PWR_GetFlagStatus                        0x080058c5   Thumb Code    16  stm32f10x_pwr.o(i.PWR_GetFlagStatus)
    PWR_PVDCmd                               0x080058d9   Thumb Code     6  stm32f10x_pwr.o(i.PWR_PVDCmd)
    PWR_PVDLevelConfig                       0x080058e5   Thumb Code    14  stm32f10x_pwr.o(i.PWR_PVDLevelConfig)
    PWR_WakeUpPinCmd                         0x080058f9   Thumb Code     8  stm32f10x_pwr.o(i.PWR_WakeUpPinCmd)
    PreTesFuncAlgInterface                   0x08005905   Thumb Code   144  sta_req.o(i.PreTesFuncAlgInterface)
    RCC_ADCCLKConfig                         0x080059e5   Thumb Code    14  stm32f10x_rcc.o(i.RCC_ADCCLKConfig)
    RCC_AHBPeriphClockCmd                    0x080059f9   Thumb Code    18  stm32f10x_rcc.o(i.RCC_AHBPeriphClockCmd)
    RCC_APB1PeriphClockCmd                   0x08005a11   Thumb Code    18  stm32f10x_rcc.o(i.RCC_APB1PeriphClockCmd)
    RCC_APB1PeriphResetCmd                   0x08005a29   Thumb Code    18  stm32f10x_rcc.o(i.RCC_APB1PeriphResetCmd)
    RCC_APB2PeriphClockCmd                   0x08005a41   Thumb Code    18  stm32f10x_rcc.o(i.RCC_APB2PeriphClockCmd)
    RCC_APB2PeriphResetCmd                   0x08005a59   Thumb Code    18  stm32f10x_rcc.o(i.RCC_APB2PeriphResetCmd)
    RCC_BackupResetCmd                       0x08005a71   Thumb Code     6  stm32f10x_rcc.o(i.RCC_BackupResetCmd)
    RCC_Configuration                        0x08005a7d   Thumb Code    98  sys.o(i.RCC_Configuration)
    RCC_DeInit                               0x08005ae1   Thumb Code    50  stm32f10x_rcc.o(i.RCC_DeInit)
    RCC_GetClocksFreq                        0x08005b21   Thumb Code   128  stm32f10x_rcc.o(i.RCC_GetClocksFreq)
    RCC_GetFlagStatus                        0x08005bb1   Thumb Code    44  stm32f10x_rcc.o(i.RCC_GetFlagStatus)
    RCC_GetSYSCLKSource                      0x08005be1   Thumb Code    10  stm32f10x_rcc.o(i.RCC_GetSYSCLKSource)
    RCC_HCLKConfig                           0x08005bf1   Thumb Code    14  stm32f10x_rcc.o(i.RCC_HCLKConfig)
    RCC_HSEConfig                            0x08005c05   Thumb Code    48  stm32f10x_rcc.o(i.RCC_HSEConfig)
    RCC_LSEConfig                            0x08005c39   Thumb Code    28  stm32f10x_rcc.o(i.RCC_LSEConfig)
    RCC_PCLK1Config                          0x08005c59   Thumb Code    14  stm32f10x_rcc.o(i.RCC_PCLK1Config)
    RCC_PCLK2Config                          0x08005c6d   Thumb Code    16  stm32f10x_rcc.o(i.RCC_PCLK2Config)
    RCC_PLLCmd                               0x08005c81   Thumb Code     6  stm32f10x_rcc.o(i.RCC_PLLCmd)
    RCC_PLLConfig                            0x08005c8d   Thumb Code    16  stm32f10x_rcc.o(i.RCC_PLLConfig)
    RCC_RTCCLKCmd                            0x08005ca1   Thumb Code     6  stm32f10x_rcc.o(i.RCC_RTCCLKCmd)
    RCC_RTCCLKConfig                         0x08005cad   Thumb Code    10  stm32f10x_rcc.o(i.RCC_RTCCLKConfig)
    RCC_SYSCLKConfig                         0x08005cbd   Thumb Code    14  stm32f10x_rcc.o(i.RCC_SYSCLKConfig)
    RCC_WaitForHSEStartUp                    0x08005cd1   Thumb Code    44  stm32f10x_rcc.o(i.RCC_WaitForHSEStartUp)
    RTC_ClearITPendingBit                    0x08005cfd   Thumb Code    10  stm32f10x_rtc.o(i.RTC_ClearITPendingBit)
    RTC_DataStorage                          0x08005d0d   Thumb Code    88  rtc.o(i.RTC_DataStorage)
    RTC_EnterConfigMode                      0x08005d6d   Thumb Code    12  stm32f10x_rtc.o(i.RTC_EnterConfigMode)
    RTC_ExitConfigMode                       0x08005d7d   Thumb Code    12  stm32f10x_rtc.o(i.RTC_ExitConfigMode)
    RTC_Get                                  0x08005d8d   Thumb Code   212  rtc.o(i.RTC_Get)
    RTC_GetCounter                           0x08005e6d   Thumb Code    16  stm32f10x_rtc.o(i.RTC_GetCounter)
    RTC_GetITStatus                          0x08005e81   Thumb Code    28  stm32f10x_rtc.o(i.RTC_GetITStatus)
    RTC_Get_Week                             0x08005ea1   Thumb Code    76  rtc.o(i.RTC_Get_Week)
    RTC_IRQHandler                           0x08005ef1   Thumb Code    42  rtc.o(i.RTC_IRQHandler)
    RTC_ITConfig                             0x08005f1d   Thumb Code    18  stm32f10x_rtc.o(i.RTC_ITConfig)
    RTC_Init                                 0x08005f35   Thumb Code   206  rtc.o(i.RTC_Init)
    RTC_Init_Check                           0x08006009   Thumb Code   292  rtc.o(i.RTC_Init_Check)
    RTC_ReqOrderHandler                      0x08006181   Thumb Code   224  rtc.o(i.RTC_ReqOrderHandler)
    RTC_Set                                  0x08006301   Thumb Code   190  rtc.o(i.RTC_Set)
    RTC_SetCounter                           0x080063d1   Thumb Code    26  stm32f10x_rtc.o(i.RTC_SetCounter)
    RTC_SetPrescaler                         0x080063f1   Thumb Code    28  stm32f10x_rtc.o(i.RTC_SetPrescaler)
    RTC_TimeInitSetting                      0x08006411   Thumb Code    56  rtc.o(i.RTC_TimeInitSetting)
    RTC_WaitForLastTask                      0x0800644d   Thumb Code    10  stm32f10x_rtc.o(i.RTC_WaitForLastTask)
    RTC_WaitForSynchro                       0x0800645d   Thumb Code    18  stm32f10x_rtc.o(i.RTC_WaitForSynchro)
    RTOS_TaskMgr                             0x08006475   Thumb Code     4  local_taskmgr.o(i.RTOS_TaskMgr)
    Response_Strings                         0x08006479   Thumb Code    42  protocol.o(i.Response_Strings)
    RunLED_StatusCtrl                        0x080064ad   Thumb Code   110  led.o(i.RunLED_StatusCtrl)
    SVC_Handler                              0x08006539   Thumb Code     2  stm32f10x_it.o(i.SVC_Handler)
    ShareResources_Handler                   0x080065e5   Thumb Code   168  osiii_taskmgr.o(i.ShareResources_Handler)
    Streak_TaskRun                           0x080066e1   Thumb Code    14  local_taskmgr.o(i.Streak_TaskRun)
    SysTick_CLKSourceConfig                  0x080066ef   Thumb Code    24  misc.o(i.SysTick_CLKSourceConfig)
    Sys_Enter_Standby                        0x08006707   Thumb Code    20  sleep.o(i.Sys_Enter_Standby)
    Sys_Soft_Reset                           0x0800671d   Thumb Code    20  sys.o(i.Sys_Soft_Reset)
    Sys_Standby                              0x08006739   Thumb Code    24  sleep.o(i.Sys_Standby)
    SystemInit                               0x08006751   Thumb Code    64  system_stm32f10x.o(i.SystemInit)
    TIM2_IRQHandler                          0x080067a1   Thumb Code    38  time_base.o(i.TIM2_IRQHandler)
    TIM2_RunLEDTick_Init                     0x080067c7   Thumb Code    52  time_base.o(i.TIM2_RunLEDTick_Init)
    TIM4_AuxUSART2_Init                      0x080067fd   Thumb Code    50  usart2.o(i.TIM4_AuxUSART2_Init)
    TIM4_IRQHandler                          0x08006835   Thumb Code    46  usart2.o(i.TIM4_IRQHandler)
    TIM4_Switch                              0x0800686d   Thumb Code    26  usart2.o(i.TIM4_Switch)
    TIM_ClearFlag                            0x0800688d   Thumb Code     6  stm32f10x_tim.o(i.TIM_ClearFlag)
    TIM_ClearITPendingBit                    0x08006893   Thumb Code     6  stm32f10x_tim.o(i.TIM_ClearITPendingBit)
    TIM_Cmd                                  0x08006899   Thumb Code    20  stm32f10x_tim.o(i.TIM_Cmd)
    TIM_DeInit                               0x080068ad   Thumb Code   304  stm32f10x_tim.o(i.TIM_DeInit)
    TIM_GetITStatus                          0x08006a1d   Thumb Code    24  stm32f10x_tim.o(i.TIM_GetITStatus)
    TIM_ITConfig                             0x08006a35   Thumb Code    16  stm32f10x_tim.o(i.TIM_ITConfig)
    TIM_SetCounter                           0x08006a45   Thumb Code     4  stm32f10x_tim.o(i.TIM_SetCounter)
    TIM_TimeBaseInit                         0x08006a49   Thumb Code   114  stm32f10x_tim.o(i.TIM_TimeBaseInit)
    UIScreen_DisplayHandler                  0x08006ae5   Thumb Code    84  ui.o(i.UIScreen_DisplayHandler)
    USART1_IRQHandler                        0x08006b41   Thumb Code    90  usart1.o(i.USART1_IRQHandler)
    USART1_Init                              0x08006ba9   Thumb Code   168  usart1.o(i.USART1_Init)
    USART2_IRQHandler                        0x08006c59   Thumb Code    72  usart2.o(i.USART2_IRQHandler)
    USART2_Init                              0x08006cb1   Thumb Code   182  usart2.o(i.USART2_Init)
    USART_Cmd                                0x08006d75   Thumb Code    20  stm32f10x_usart.o(i.USART_Cmd)
    USART_DMACmd                             0x08006d89   Thumb Code    16  stm32f10x_usart.o(i.USART_DMACmd)
    USART_DeInit                             0x08006d99   Thumb Code    96  stm32f10x_usart.o(i.USART_DeInit)
    USART_GetFlagStatus                      0x08006e0d   Thumb Code    14  stm32f10x_usart.o(i.USART_GetFlagStatus)
    USART_GetITStatus                        0x08006e1b   Thumb Code    62  stm32f10x_usart.o(i.USART_GetITStatus)
    USART_ITConfig                           0x08006e59   Thumb Code    48  stm32f10x_usart.o(i.USART_ITConfig)
    USART_Init                               0x08006e89   Thumb Code   166  stm32f10x_usart.o(i.USART_Init)
    USART_ReceiveData                        0x08006f35   Thumb Code     8  stm32f10x_usart.o(i.USART_ReceiveData)
    USART_SendData                           0x08006f3d   Thumb Code     8  stm32f10x_usart.o(i.USART_SendData)
    Universal_Resource_Config                0x08006f45   Thumb Code    36  config.o(i.Universal_Resource_Config)
    UsageFault_Handler                       0x08006f6d   Thumb Code    24  stm32f10x_it.o(i.UsageFault_Handler)
    WKUP_Init                                0x08006f89   Thumb Code    64  sleep.o(i.WKUP_Init)
    __0printf                                0x08006fcd   Thumb Code    22  printfa.o(i.__0printf)
    __1printf                                0x08006fcd   Thumb Code     0  printfa.o(i.__0printf)
    __2printf                                0x08006fcd   Thumb Code     0  printfa.o(i.__0printf)
    __c89printf                              0x08006fcd   Thumb Code     0  printfa.o(i.__0printf)
    printf                                   0x08006fcd   Thumb Code     0  printfa.o(i.__0printf)
    __ARM_fpclassify                         0x08006fed   Thumb Code    40  fpclassify.o(i.__ARM_fpclassify)
    __kernel_poly                            0x08007015   Thumb Code   170  poly.o(i.__kernel_poly)
    __mathlib_dbl_divzero                    0x080070c1   Thumb Code    12  dunder.o(i.__mathlib_dbl_divzero)
    __mathlib_dbl_infnan2                    0x080070d1   Thumb Code     4  dunder.o(i.__mathlib_dbl_infnan2)
    __mathlib_dbl_invalid                    0x080070d5   Thumb Code    12  dunder.o(i.__mathlib_dbl_invalid)
    __mathlib_dbl_overflow                   0x080070e1   Thumb Code    14  dunder.o(i.__mathlib_dbl_overflow)
    __mathlib_dbl_underflow                  0x080070f1   Thumb Code    10  dunder.o(i.__mathlib_dbl_underflow)
    __scatterload_copy                       0x08007101   Thumb Code    14  handlers.o(i.__scatterload_copy)
    __scatterload_null                       0x0800710f   Thumb Code     2  handlers.o(i.__scatterload_null)
    __scatterload_zeroinit                   0x08007111   Thumb Code    14  handlers.o(i.__scatterload_zeroinit)
    __set_errno                              0x08007121   Thumb Code     6  errno.o(i.__set_errno)
    adcInnerTemperature_Init                 0x080079e1   Thumb Code    70  temperature.o(i.adcInnerTemperature_Init)
    adcx_AverageHandler                      0x08007a31   Thumb Code    60  adc.o(i.adcx_AverageHandler)
    bspPeriSysCalls                          0x08007a6d   Thumb Code    76  main.o(i.bspPeriSysCalls)
    delay_ms                                 0x08007ab9   Thumb Code    46  delay.o(i.delay_ms)
    delay_us                                 0x08007aed   Thumb Code    46  delay.o(i.delay_us)
    detErrorStatus                           0x08007b21   Thumb Code     6  error_warning.o(i.detErrorStatus)
    displaySystemInfo                        0x08007b2d   Thumb Code  1832  sta_req.o(i.displaySystemInfo)
    divTaskNbr1                              0x08008291   Thumb Code    22  osiii_taskmgr.o(i.divTaskNbr1)
    divTaskNbr2                              0x080082bd   Thumb Code    22  osiii_taskmgr.o(i.divTaskNbr2)
    divTaskNbr3                              0x080082e9   Thumb Code    24  osiii_taskmgr.o(i.divTaskNbr3)
    divTaskNbr4                              0x08008315   Thumb Code    22  osiii_taskmgr.o(i.divTaskNbr4)
    divTaskNbrS                              0x08008341   Thumb Code   254  osiii_taskmgr.o(i.divTaskNbrS)
    fputc                                    0x08008491   Thumb Code    30  usart1.o(i.fputc)
    getADCxChannel_Data                      0x080084b5   Thumb Code    38  adc.o(i.getADCxChannel_Data)
    main                                     0x080084dd   Thumb Code    40  main.o(i.main)
    mcu_StopMode                             0x08008509   Thumb Code    18  sleep.o(i.mcu_StopMode)
    mcu_SuspendHandler                       0x0800851d   Thumb Code   148  sleep.o(i.mcu_SuspendHandler)
    mem_free                                 0x080085f9   Thumb Code    58  malloc.o(i.mem_free)
    mem_malloc                               0x08008639   Thumb Code    88  malloc.o(i.mem_malloc)
    mem_perused                              0x08008695   Thumb Code    42  malloc.o(i.mem_perused)
    myfree                                   0x080086c5   Thumb Code    16  malloc.o(i.myfree)
    mymalloc                                 0x080086d9   Thumb Code    26  malloc.o(i.mymalloc)
    mymemset                                 0x080086f9   Thumb Code    14  malloc.o(i.mymemset)
    nQueen_CalculusHandler                   0x08008709   Thumb Code   676  n_queen.o(i.nQueen_CalculusHandler)
    orderExecuteFinished                     0x08008a49   Thumb Code   246  protocol.o(i.orderExecuteFinished)
    osiiiTaskFuction                         0x08008ba9   Thumb Code    66  osiii_taskmgr.o(i.osiiiTaskFuction)
    pclURC_DebugHandler                      0x08008bf1   Thumb Code   428  config.o(i.pclURC_DebugHandler)
    pow                                      0x08008e41   Thumb Code  2512  pow.o(i.pow)
    prio1TaskBus                             0x08009819   Thumb Code     4  local_taskmgr.o(i.prio1TaskBus)
    prio2TaskBus                             0x0800981d   Thumb Code    64  local_taskmgr.o(i.prio2TaskBus)
    prio3TaskBus                             0x08009861   Thumb Code    14  local_taskmgr.o(i.prio3TaskBus)
    prio4TaskBus                             0x0800986f   Thumb Code     2  local_taskmgr.o(i.prio4TaskBus)
    shellTrigger                             0x08009871   Thumb Code   756  protocol.o(i.shellTrigger)
    sqrt                                     0x08009c29   Thumb Code    76  sqrt.o(i.sqrt)
    ucADCx_Config                            0x08009d79   Thumb Code   110  adc.o(i.ucADCx_Config)
    ucDMAx_Config                            0x08009de7   Thumb Code    74  dma.o(i.ucDMAx_Config)
    ucEXTI_ModeConfig                        0x08009e31   Thumb Code    80  exti.o(i.ucEXTI_ModeConfig)
    ucGPIO_Config_Init                       0x08009e81   Thumb Code   184  gpio.o(i.ucGPIO_Config_Init)
    ucTimerx_InitSetting                     0x08009f39   Thumb Code   226  timer.o(i.ucTimerx_InitSetting)
    ucosiii_TaskMgr                          0x0800a025   Thumb Code   138  osiii_taskmgr.o(i.ucosiii_TaskMgr)
    urcMapTable_Print                        0x0800a0dd   Thumb Code   224  config.o(i.urcMapTable_Print)
    usart1WaitForDataTransfer                0x0800a331   Thumb Code    18  usart1.o(i.usart1WaitForDataTransfer)
    table_week                               0x0800a348   Data          12  rtc.o(.constdata)
    mon_table                                0x0800a354   Data          12  rtc.o(.constdata)
    OSCfg_StatTaskPrio                       0x0800bb20   Data           1  os_cfg_app.o(.constdata)
    OSCfg_TickTaskPrio                       0x0800bb21   Data           1  os_cfg_app.o(.constdata)
    OSCfg_TmrTaskPrio                        0x0800bb22   Data           1  os_cfg_app.o(.constdata)
    OSCfg_IntQSize                           0x0800bb24   Data           2  os_cfg_app.o(.constdata)
    OSCfg_MsgPoolSize                        0x0800bb26   Data           2  os_cfg_app.o(.constdata)
    OSCfg_TickWheelSize                      0x0800bb28   Data           2  os_cfg_app.o(.constdata)
    OSCfg_TmrWheelSize                       0x0800bb2a   Data           2  os_cfg_app.o(.constdata)
    OSCfg_IdleTaskStkBasePtr                 0x0800bb2c   Data           4  os_cfg_app.o(.constdata)
    OSCfg_IdleTaskStkLimit                   0x0800bb30   Data           4  os_cfg_app.o(.constdata)
    OSCfg_IdleTaskStkSize                    0x0800bb34   Data           4  os_cfg_app.o(.constdata)
    OSCfg_IdleTaskStkSizeRAM                 0x0800bb38   Data           4  os_cfg_app.o(.constdata)
    OSCfg_IntQBasePtr                        0x0800bb3c   Data           4  os_cfg_app.o(.constdata)
    OSCfg_IntQSizeRAM                        0x0800bb40   Data           4  os_cfg_app.o(.constdata)
    OSCfg_IntQTaskStkBasePtr                 0x0800bb44   Data           4  os_cfg_app.o(.constdata)
    OSCfg_IntQTaskStkLimit                   0x0800bb48   Data           4  os_cfg_app.o(.constdata)
    OSCfg_IntQTaskStkSize                    0x0800bb4c   Data           4  os_cfg_app.o(.constdata)
    OSCfg_IntQTaskStkSizeRAM                 0x0800bb50   Data           4  os_cfg_app.o(.constdata)
    OSCfg_ISRStkBasePtr                      0x0800bb54   Data           4  os_cfg_app.o(.constdata)
    OSCfg_ISRStkSize                         0x0800bb58   Data           4  os_cfg_app.o(.constdata)
    OSCfg_ISRStkSizeRAM                      0x0800bb5c   Data           4  os_cfg_app.o(.constdata)
    OSCfg_MsgPoolSizeRAM                     0x0800bb60   Data           4  os_cfg_app.o(.constdata)
    OSCfg_MsgPoolBasePtr                     0x0800bb64   Data           4  os_cfg_app.o(.constdata)
    OSCfg_StatTaskRate_Hz                    0x0800bb68   Data           4  os_cfg_app.o(.constdata)
    OSCfg_StatTaskStkBasePtr                 0x0800bb6c   Data           4  os_cfg_app.o(.constdata)
    OSCfg_StatTaskStkLimit                   0x0800bb70   Data           4  os_cfg_app.o(.constdata)
    OSCfg_StatTaskStkSize                    0x0800bb74   Data           4  os_cfg_app.o(.constdata)
    OSCfg_StatTaskStkSizeRAM                 0x0800bb78   Data           4  os_cfg_app.o(.constdata)
    OSCfg_StkSizeMin                         0x0800bb7c   Data           4  os_cfg_app.o(.constdata)
    OSCfg_TickRate_Hz                        0x0800bb80   Data           4  os_cfg_app.o(.constdata)
    OSCfg_TickTaskStkBasePtr                 0x0800bb84   Data           4  os_cfg_app.o(.constdata)
    OSCfg_TickTaskStkLimit                   0x0800bb88   Data           4  os_cfg_app.o(.constdata)
    OSCfg_TickTaskStkSize                    0x0800bb8c   Data           4  os_cfg_app.o(.constdata)
    OSCfg_TickTaskStkSizeRAM                 0x0800bb90   Data           4  os_cfg_app.o(.constdata)
    OSCfg_TickWheelSizeRAM                   0x0800bb94   Data           4  os_cfg_app.o(.constdata)
    OSCfg_TmrTaskRate_Hz                     0x0800bb98   Data           4  os_cfg_app.o(.constdata)
    OSCfg_TmrTaskStkBasePtr                  0x0800bb9c   Data           4  os_cfg_app.o(.constdata)
    OSCfg_TmrTaskStkLimit                    0x0800bba0   Data           4  os_cfg_app.o(.constdata)
    OSCfg_TmrTaskStkSize                     0x0800bba4   Data           4  os_cfg_app.o(.constdata)
    OSCfg_TmrTaskStkSizeRAM                  0x0800bba8   Data           4  os_cfg_app.o(.constdata)
    OSCfg_TmrWheelSizeRAM                    0x0800bbac   Data           4  os_cfg_app.o(.constdata)
    OSCfg_DataSizeRAM                        0x0800bbb0   Data           4  os_cfg_app.o(.constdata)
    __mathlib_zero                           0x0800bc40   Data           8  qnan.o(.constdata)
    Region$$Table$$Base                      0x0800bc48   Number         0  anon$$obj.o(Region$$Table)
    Region$$Table$$Limit                     0x0800bc68   Number         0  anon$$obj.o(Region$$Table)
    SystemCoreClock                          0x20000014   Data           4  system_stm32f10x.o(.data)
    AHBPrescTable                            0x20000018   Data          16  system_stm32f10x.o(.data)
    pwsf                                     0x20000028   Data           1  main.o(.data)
    EW_Switch                                0x20000029   Data           1  config.o(.data)
    PD_Switch                                0x2000002a   Data           1  config.o(.data)
    OLED_Switch                              0x2000002b   Data           1  config.o(.data)
    PVD_Switch                               0x2000002c   Data           1  config.o(.data)
    Temp_Switch                              0x2000002d   Data           1  config.o(.data)
    PC_Switch                                0x2000002e   Data           1  config.o(.data)
    TMMS                                     0x2000002f   Data           1  config.o(.data)
    LVD_Switch                               0x20000030   Data           1  config.o(.data)
    SM_Switch                                0x20000031   Data           1  config.o(.data)
    Stby_Switch                              0x20000032   Data           1  config.o(.data)
    hexEW_Switch                             0x20000033   Data           1  config.o(.data)
    pidDS_Switch                             0x20000034   Data           1  config.o(.data)
    psaux_Switch                             0x20000035   Data           1  config.o(.data)
    DSD_Switch                               0x20000036   Data           1  config.o(.data)
    order_bootflag                           0x20000039   Data           1  protocol.o(.data)
    PO_Judge                                 0x2000003a   Data           1  protocol.o(.data)
    mallco_dev                               0x2000027d   Data          17  malloc.o(.data)
    calendar                                 0x20000292   Data           8  rtc.o(.data)
    _start                                   0x2000029a   Data           8  rtc.o(.data)
    globalMCU_Temperature                    0x200002a4   Data           4  temperature.o(.data)
    runledBlinkSem                           0x200002a8   Data           4  led.o(.data)
    oledFreshcnt                             0x200002ac   Data           2  led.o(.data)
    USART1_RX_STA                            0x200002b2   Data           2  usart1.o(.data)
    __stdout                                 0x200002b4   Data           4  usart1.o(.data)
    USART2_RX_STA                            0x200002b8   Data           2  usart2.o(.data)
    Return_Error_Type                        0x200002ba   Data           1  error_warning.o(.data)
    oledScreenFlag                           0x200002bc   Data           1  ui.o(.data)
    oledFlushEnable                          0x200002bd   Data           1  ui.o(.data)
    CPU_TS_TmrFreq_Hz                        0x200002c8   Data           4  cpu_core.o(.data)
    OSPrioTbl                                0x200002cc   Data           8  os_prio.o(.data)
    OS_AppTaskCreateHookPtr                  0x200002d4   Data           4  os_var.o(.data)
    OS_AppTaskDelHookPtr                     0x200002d8   Data           4  os_var.o(.data)
    OS_AppTaskReturnHookPtr                  0x200002dc   Data           4  os_var.o(.data)
    OS_AppIdleTaskHookPtr                    0x200002e0   Data           4  os_var.o(.data)
    OS_AppStatTaskHookPtr                    0x200002e4   Data           4  os_var.o(.data)
    OS_AppTaskSwHookPtr                      0x200002e8   Data           4  os_var.o(.data)
    OS_AppTimeTickHookPtr                    0x200002ec   Data           4  os_var.o(.data)
    OSIdleTaskCtr                            0x200002f0   Data           4  os_var.o(.data)
    OSIntNestingCtr                          0x200002f4   Data           1  os_var.o(.data)
    OSRunning                                0x200002f5   Data           1  os_var.o(.data)
    OSIntQInPtr                              0x200002f8   Data           4  os_var.o(.data)
    OSIntQOutPtr                             0x200002fc   Data           4  os_var.o(.data)
    OSIntQNbrEntries                         0x20000300   Data           2  os_var.o(.data)
    OSIntQNbrEntriesMax                      0x20000302   Data           2  os_var.o(.data)
    OSIntQOvfCtr                             0x20000304   Data           2  os_var.o(.data)
    OSIntQTaskTimeMax                        0x20000308   Data           4  os_var.o(.data)
    OSFlagDbgListPtr                         0x2000030c   Data           4  os_var.o(.data)
    OSFlagQty                                0x20000310   Data           2  os_var.o(.data)
    OSMemDbgListPtr                          0x20000314   Data           4  os_var.o(.data)
    OSMemQty                                 0x20000318   Data           2  os_var.o(.data)
    OSMutexDbgListPtr                        0x2000031c   Data           4  os_var.o(.data)
    OSMutexQty                               0x20000320   Data           2  os_var.o(.data)
    OSPrioCur                                0x20000322   Data           1  os_var.o(.data)
    OSPrioHighRdy                            0x20000323   Data           1  os_var.o(.data)
    OSPrioSaved                              0x20000324   Data           1  os_var.o(.data)
    OSQDbgListPtr                            0x20000328   Data           4  os_var.o(.data)
    OSQQty                                   0x2000032c   Data           2  os_var.o(.data)
    OSSchedLockTimeBegin                     0x20000330   Data           4  os_var.o(.data)
    OSSchedLockTimeMax                       0x20000334   Data           4  os_var.o(.data)
    OSSchedLockTimeMaxCur                    0x20000338   Data           4  os_var.o(.data)
    OSSchedLockNestingCtr                    0x2000033c   Data           1  os_var.o(.data)
    OSSchedRoundRobinDfltTimeQuanta          0x20000340   Data           4  os_var.o(.data)
    OSSchedRoundRobinEn                      0x20000344   Data           1  os_var.o(.data)
    OSSemDbgListPtr                          0x20000348   Data           4  os_var.o(.data)
    OSSemQty                                 0x2000034c   Data           2  os_var.o(.data)
    OSStatResetFlag                          0x2000034e   Data           1  os_var.o(.data)
    OSStatTaskCPUUsage                       0x20000350   Data           2  os_var.o(.data)
    OSStatTaskCPUUsageMax                    0x20000352   Data           2  os_var.o(.data)
    OSStatTaskCtr                            0x20000354   Data           4  os_var.o(.data)
    OSStatTaskCtrMax                         0x20000358   Data           4  os_var.o(.data)
    OSStatTaskCtrRun                         0x2000035c   Data           4  os_var.o(.data)
    OSStatTaskRdy                            0x20000360   Data           1  os_var.o(.data)
    OSStatTaskTimeMax                        0x20000364   Data           4  os_var.o(.data)
    OSTaskCtxSwCtr                           0x20000368   Data           4  os_var.o(.data)
    OSTaskDbgListPtr                         0x2000036c   Data           4  os_var.o(.data)
    OSTaskQty                                0x20000370   Data           2  os_var.o(.data)
    OSTaskRegNextAvailID                     0x20000372   Data           1  os_var.o(.data)
    OSTickCtr                                0x20000374   Data           4  os_var.o(.data)
    OSTickTaskTimeMax                        0x20000378   Data           4  os_var.o(.data)
    OSTmrDbgListPtr                          0x2000037c   Data           4  os_var.o(.data)
    OSTmrTaskTimeMax                         0x20000380   Data           4  os_var.o(.data)
    OSTmrTickCtr                             0x20000384   Data           4  os_var.o(.data)
    OSTmrUpdateCnt                           0x20000388   Data           4  os_var.o(.data)
    OSTmrUpdateCtr                           0x2000038c   Data           4  os_var.o(.data)
    OSTCBCurPtr                              0x20000390   Data           4  os_var.o(.data)
    OSTCBHighRdyPtr                          0x20000394   Data           4  os_var.o(.data)
    OS_CPU_ExceptStkBase                     0x20000398   Data           4  os_cpu_c.o(.data)
    startTaskTCB                             0x20000ea0   Data         196  osiii_taskmgr.o(.bss)
    divTask1TCB                              0x20000f64   Data         196  osiii_taskmgr.o(.bss)
    divTask2TCB                              0x20001028   Data         196  osiii_taskmgr.o(.bss)
    divTask3TCB                              0x200010ec   Data         196  osiii_taskmgr.o(.bss)
    divTask4TCB                              0x200011b0   Data         196  osiii_taskmgr.o(.bss)
    share_resource                           0x20001274   Data         100  osiii_taskmgr.o(.bss)
    osMemStorageArea                         0x200012d8   Data          32  osiii_taskmgr.o(.bss)
    osMemStoragePool                         0x200012f8   Data         200  osiii_taskmgr.o(.bss)
    devID                                    0x200013c0   Data          12  sta_req.o(.bss)
    a                                        0x200013cc   Data          84  n_queen.o(.bss)
    membase                                  0x20001420   Data       35840  malloc.o(.bss)
    memmapbase                               0x2000a020   Data        2240  malloc.o(.bss)
    rtcWholeData                             0x2000a8e0   Data          14  rtc.o(.bss)
    OLED_GRAM                                0x2000a8ee   Data        1024  oled.o(.bss)
    USART1_RX_BUF                            0x2000acee   Data        1024  usart1.o(.bss)
    USART1_TX_BUF                            0x2000b0ee   Data        1024  usart1.o(.bss)
    USART2_TX_BUF                            0x2000b4f0   Data        1024  usart2.o(.bss)
    USART2_RX_BUF                            0x2000b8f0   Data        1024  usart2.o(.bss)
    CPU_Name                                 0x2000bcf0   Data          16  cpu_core.o(.bss)
    OSCfg_IdleTaskStk                        0x2000bd00   Data         512  os_cfg_app.o(.bss)
    OSCfg_IntQ                               0x2000bf00   Data         320  os_cfg_app.o(.bss)
    OSCfg_IntQTaskStk                        0x2000c040   Data         512  os_cfg_app.o(.bss)
    OSCfg_ISRStk                             0x2000c240   Data         512  os_cfg_app.o(.bss)
    OSCfg_MsgPool                            0x2000c440   Data        1600  os_cfg_app.o(.bss)
    OSCfg_StatTaskStk                        0x2000ca80   Data         512  os_cfg_app.o(.bss)
    OSCfg_TickTaskStk                        0x2000cc80   Data         512  os_cfg_app.o(.bss)
    OSCfg_TickWheel                          0x2000ce80   Data         136  os_cfg_app.o(.bss)
    OSCfg_TmrTaskStk                         0x2000cf08   Data         512  os_cfg_app.o(.bss)
    OSCfg_TmrWheel                           0x2000d108   Data         136  os_cfg_app.o(.bss)
    OSIdleTaskTCB                            0x2000d190   Data         196  os_var.o(.bss)
    OSIntQTaskTCB                            0x2000d254   Data         196  os_var.o(.bss)
    OSMsgPool                                0x2000d318   Data          12  os_var.o(.bss)
    OSRdyList                                0x2000d324   Data         768  os_var.o(.bss)
    OSStatTaskTCB                            0x2000d624   Data         196  os_var.o(.bss)
    OSTickTaskTCB                            0x2000d6e8   Data         196  os_var.o(.bss)
    OSTmrTaskTCB                             0x2000d7ac   Data         196  os_var.o(.bss)
    __initial_sp                             0x2000dc70   Data           0  startup_stm32f10x_hd.o(STACK)



==============================================================================

Memory Map of the image

  Image Entry point : 0x08000131

  Load Region LR_IROM1 (Base: 0x08000000, Size: 0x0000c008, Max: 0x00080000, ABSOLUTE, COMPRESSED[0x0000bccc])

    Execution Region ER_IROM1 (Base: 0x08000000, Size: 0x0000bc68, Max: 0x00080000, ABSOLUTE)

    Base Addr    Size         Type   Attr      Idx    E Section Name        Object

    0x08000000   0x00000130   Data   RO         3432    RESET               startup_stm32f10x_hd.o
    0x08000130   0x00000000   Code   RO         5733  * .ARM.Collect$$$$00000000  mc_w.l(entry.o)
    0x08000130   0x00000004   Code   RO         6099    .ARM.Collect$$$$00000001  mc_w.l(entry2.o)
    0x08000134   0x00000004   Code   RO         6102    .ARM.Collect$$$$00000004  mc_w.l(entry5.o)
    0x08000138   0x00000000   Code   RO         6104    .ARM.Collect$$$$00000008  mc_w.l(entry7b.o)
    0x08000138   0x00000000   Code   RO         6106    .ARM.Collect$$$$0000000A  mc_w.l(entry8b.o)
    0x08000138   0x00000008   Code   RO         6107    .ARM.Collect$$$$0000000B  mc_w.l(entry9a.o)
    0x08000140   0x00000000   Code   RO         6109    .ARM.Collect$$$$0000000D  mc_w.l(entry10a.o)
    0x08000140   0x00000000   Code   RO         6111    .ARM.Collect$$$$0000000F  mc_w.l(entry11a.o)
    0x08000140   0x00000004   Code   RO         6100    .ARM.Collect$$$$00002712  mc_w.l(entry2.o)
    0x08000144   0x00000024   Code   RO         3433    .text               startup_stm32f10x_hd.o
    0x08000168   0x00000034   Code   RO         3977    .text               cpu_a.o
    0x0800019c   0x00000062   Code   RO         5736    .text               mc_w.l(uldiv.o)
    0x080001fe   0x000000b0   Code   RO         6036    .text               mf_w.l(fadd.o)
    0x080002ae   0x00000064   Code   RO         6038    .text               mf_w.l(fmul.o)
    0x08000312   0x0000007c   Code   RO         6040    .text               mf_w.l(fdiv.o)
    0x0800038e   0x0000014e   Code   RO         6044    .text               mf_w.l(dadd.o)
    0x080004dc   0x000000e4   Code   RO         6046    .text               mf_w.l(dmul.o)
    0x080005c0   0x000000de   Code   RO         6048    .text               mf_w.l(ddiv.o)
    0x0800069e   0x0000000a   Code   RO         6052    .text               mf_w.l(ffltui.o)
    0x080006a8   0x00000022   Code   RO         6054    .text               mf_w.l(dflti.o)
    0x080006ca   0x0000001a   Code   RO         6056    .text               mf_w.l(dfltui.o)
    0x080006e4   0x00000028   Code   RO         6058    .text               mf_w.l(ffixui.o)
    0x0800070c   0x00000032   Code   RO         6060    .text               mf_w.l(dfixui.o)
    0x0800073e   0x00000026   Code   RO         6062    .text               mf_w.l(f2d.o)
    0x08000764   0x00000030   Code   RO         6064    .text               mf_w.l(cdrcmple.o)
    0x08000794   0x00000038   Code   RO         6066    .text               mf_w.l(d2f.o)
    0x080007cc   0x00000014   Code   RO         6068    .text               mf_w.l(cfcmple.o)
    0x080007e0   0x0000002c   Code   RO         6113    .text               mc_w.l(uidiv.o)
    0x0800080c   0x0000001e   Code   RO         6115    .text               mc_w.l(llshl.o)
    0x0800082a   0x00000020   Code   RO         6117    .text               mc_w.l(llushr.o)
    0x0800084a   0x00000024   Code   RO         6119    .text               mc_w.l(llsshr.o)
    0x0800086e   0x00000000   Code   RO         6134    .text               mc_w.l(iusefp.o)
    0x0800086e   0x0000006e   Code   RO         6135    .text               mf_w.l(fepilogue.o)
    0x080008dc   0x000000ba   Code   RO         6137    .text               mf_w.l(depilogue.o)
    0x08000996   0x0000002e   Code   RO         6139    .text               mf_w.l(dscalb.o)
    0x080009c4   0x00000030   Code   RO         6141    .text               mf_w.l(dfixul.o)
    0x080009f4   0x00000024   Code   RO         6143    .text               mc_w.l(init.o)
    0x08000a18   0x000000a2   Code   RO         6145    .text               mf_w.l(dsqrt.o)
    0x08000aba   0x00000056   Code   RO         6157    .text               mc_w.l(__dczerorl2.o)
    0x08000b10   0x00000098   Code   RO         5651    CODE                os_cpu_a.o
    0x08000ba8   0x00000014   Code   RO          131    i.ADC_Cmd           stm32f10x_adc.o
    0x08000bbc   0x00000044   Code   RO          133    i.ADC_DeInit        stm32f10x_adc.o
    0x08000c00   0x0000000e   Code   RO          139    i.ADC_GetCalibrationStatus  stm32f10x_adc.o
    0x08000c0e   0x00000006   Code   RO          140    i.ADC_GetConversionValue  stm32f10x_adc.o
    0x08000c14   0x0000000e   Code   RO          142    i.ADC_GetFlagStatus  stm32f10x_adc.o
    0x08000c22   0x0000000e   Code   RO          145    i.ADC_GetResetCalibrationStatus  stm32f10x_adc.o
    0x08000c30   0x00000048   Code   RO          149    i.ADC_Init          stm32f10x_adc.o
    0x08000c78   0x00000074   Code   RO          153    i.ADC_RegularChannelConfig  stm32f10x_adc.o
    0x08000cec   0x0000000a   Code   RO          154    i.ADC_ResetCalibration  stm32f10x_adc.o
    0x08000cf6   0x00000014   Code   RO          156    i.ADC_SoftwareStartConvCmd  stm32f10x_adc.o
    0x08000d0a   0x0000000a   Code   RO          158    i.ADC_StartCalibration  stm32f10x_adc.o
    0x08000d14   0x0000001c   Code   RO          160    i.ADC_TempSensorVrefintCmd  stm32f10x_adc.o
    0x08000d30   0x000000bc   Code   RO         3383    i.Aft_PeriInit_Blink  led.o
    0x08000dec   0x00000012   Code   RO         2027    i.BKP_DeInit        stm32f10x_bkp.o
    0x08000dfe   0x00000002   PAD
    0x08000e00   0x00000010   Code   RO         2032    i.BKP_ReadBackupRegister  stm32f10x_bkp.o
    0x08000e10   0x00000010   Code   RO         2036    i.BKP_WriteBackupRegister  stm32f10x_bkp.o
    0x08000e20   0x00000010   Code   RO         3770    i.BSP_CPU_ClkFreq   bsp.o
    0x08000e30   0x0000001c   Code   RO         3418    i.Beep_IO_Init      beep.o
    0x08000e4c   0x0000001c   Code   RO         2103    i.BusFault_Handler  stm32f10x_it.o
    0x08000e68   0x00000018   Code   RO         3815    i.CPU_Init          cpu_core.o
    0x08000e80   0x00000020   Code   RO         3816    i.CPU_NameClr       cpu_core.o
    0x08000ea0   0x0000000c   Code   RO         3822    i.CPU_TS_TmrFreqSet  cpu_core.o
    0x08000eac   0x00000030   Code   RO         3772    i.CPU_TS_TmrInit    bsp.o
    0x08000edc   0x0000000c   Code   RO         3773    i.CPU_TS_TmrRd      bsp.o
    0x08000ee8   0x00000030   Code   RO         3018    i.Check_WKUP        sleep.o
    0x08000f18   0x000000e4   Code   RO         2553    i.CommunicationTest  protocol.o
    0x08000ffc   0x000000e4   Code   RO         1867    i.DMA_DeInit        stm32f10x_dma.o
    0x080010e0   0x00000040   Code   RO         3099    i.DMA_ForUSART1_Accel  dma.o
    0x08001120   0x00000040   Code   RO         3100    i.DMA_ForUSART2_Accel  dma.o
    0x08001160   0x0000003a   Code   RO         1872    i.DMA_Init          stm32f10x_dma.o
    0x0800119a   0x00000002   Code   RO         2104    i.DebugMon_Handler  stm32f10x_it.o
    0x0800119c   0x0000003c   Code   RO         3448    i.Delay_Init        delay.o
    0x080011d8   0x00000458   Code   RO         3640    i.EW_TriggerHandler  error_warning.o
    0x08001630   0x0000001a   Code   RO         3020    i.EXTI0_IRQHandler  sleep.o
    0x0800164a   0x00000034   Code   RO         2902    i.EXTI9_5_IRQHandler  exti.o
    0x0800167e   0x00000002   PAD
    0x08001680   0x0000000c   Code   RO          348    i.EXTI_ClearITPendingBit  stm32f10x_exti.o
    0x0800168c   0x00000048   Code   RO         2903    i.EXTI_Config_Init  exti.o
    0x080016d4   0x00000070   Code   RO          353    i.EXTI_Init         stm32f10x_exti.o
    0x08001744   0x0000015c   Code   RO         2554    i.ErrorWarning_Feedback  protocol.o
    0x080018a0   0x00000018   Code   RO         1709    i.FLASH_PrefetchBufferCmd  stm32f10x_flash.o
    0x080018b8   0x00000014   Code   RO         1714    i.FLASH_SetLatency  stm32f10x_flash.o
    0x080018cc   0x00000028   Code   RO          404    i.GPIO_EXTILineConfig  stm32f10x_gpio.o
    0x080018f4   0x000000a2   Code   RO          407    i.GPIO_Init         stm32f10x_gpio.o
    0x08001996   0x00000002   PAD
    0x08001998   0x00000058   Code   RO          409    i.GPIO_PinRemapConfig  stm32f10x_gpio.o
    0x080019f0   0x0000000e   Code   RO          411    i.GPIO_ReadInputDataBit  stm32f10x_gpio.o
    0x080019fe   0x00000004   Code   RO          414    i.GPIO_ResetBits    stm32f10x_gpio.o
    0x08001a02   0x00000004   Code   RO          415    i.GPIO_SetBits      stm32f10x_gpio.o
    0x08001a06   0x00000010   Code   RO         2649    i.Get_BSP_CPU_ClkFreq  sta_req.o
    0x08001a16   0x00000002   PAD
    0x08001a18   0x00000074   Code   RO         2650    i.Get_MCU_SerialNumID  sta_req.o
    0x08001a8c   0x0000001c   Code   RO         2105    i.HardFault_Handler  stm32f10x_it.o
    0x08001aa8   0x00000030   Code   RO         3241    i.IIC_Start         oled.o
    0x08001ad8   0x00000024   Code   RO         3242    i.IIC_Stop          oled.o
    0x08001afc   0x00000030   Code   RO         3243    i.IIC_Wait_Ack      oled.o
    0x08001b2c   0x00000040   Code   RO         3244    i.IIC_WriteC        oled.o
    0x08001b6c   0x00000054   Code   RO         3245    i.IIC_WriteChar     oled.o
    0x08001bc0   0x0000003a   Code   RO         3246    i.IIC_WriteD        oled.o
    0x08001bfa   0x00000026   Code   RO         2926    i.Is_Leap_Year      rtc.o
    0x08001c20   0x00000048   Code   RO         3365    i.KEY_Init          key.o
    0x08001c68   0x000000b0   Code   RO         3366    i.KEY_Scan          key.o
    0x08001d18   0x0000005c   Code   RO         3384    i.LED_Init          led.o
    0x08001d74   0x00000030   Code   RO         3664    i.LVD_EW_Handler    low_voltage.o
    0x08001da4   0x00000020   Code   RO         3665    i.LVD_IO_Init       low_voltage.o
    0x08001dc4   0x00000094   Code   RO         3217    i.MCU_Temperature_Detector  temperature.o
    0x08001e58   0x00000002   Code   RO         2106    i.MemManage_Handler  stm32f10x_it.o
    0x08001e5a   0x00000008   Code   RO         4120    i.Mem_Clr           lib_mem.o
    0x08001e62   0x00000002   PAD
    0x08001e64   0x00000028   Code   RO         2804    i.Mem_Manager_Init  malloc.o
    0x08001e8c   0x0000026c   Code   RO         2805    i.Mem_RequestHandler  malloc.o
    0x080020f8   0x00000044   Code   RO         4136    i.Mem_Set           lib_mem.o
    0x0800213c   0x00000002   Code   RO         2107    i.NMI_Handler       stm32f10x_it.o
    0x0800213e   0x00000008   Code   RO         3477    i.NVIC_Configuration  sys.o
    0x08002146   0x00000002   PAD
    0x08002148   0x00000064   Code   RO            1    i.NVIC_Init         misc.o
    0x080021ac   0x00000014   Code   RO            2    i.NVIC_PriorityGroupConfig  misc.o
    0x080021c0   0x00000014   Code   RO            3    i.NVIC_SetVectorTable  misc.o
    0x080021d4   0x0000002c   Code   RO         3247    i.OLED_Clear        oled.o
    0x08002200   0x000000c6   Code   RO         3248    i.OLED_CmdSetMode   oled.o
    0x080022c6   0x00000002   PAD
    0x080022c8   0x00000034   Code   RO         3682    i.OLED_DisplayInitConst  ui.o
    0x080022fc   0x00000038   Code   RO         3683    i.OLED_Display_CPU  ui.o
    0x08002334   0x0000002c   Code   RO         3684    i.OLED_Display_EW   ui.o
    0x08002360   0x000000a0   Code   RO         3685    i.OLED_Display_ITD  ui.o
    0x08002400   0x00000034   Code   RO         3686    i.OLED_Display_Mem  ui.o
    0x08002434   0x000000b0   Code   RO         3687    i.OLED_Display_RTC  ui.o
    0x080024e4   0x00000038   Code   RO         3251    i.OLED_DrawPoint    oled.o
    0x0800251c   0x00000030   Code   RO         3252    i.OLED_Init         oled.o
    0x0800254c   0x000000d8   Code   RO         3688    i.OLED_PageAlterCtrl  ui.o
    0x08002624   0x0000004c   Code   RO         3253    i.OLED_Refresh_Gram  oled.o
    0x08002670   0x00000044   Code   RO         3689    i.OLED_ScreenP0_Const  ui.o
    0x080026b4   0x00000044   Code   RO         3690    i.OLED_ScreenP1_Const  ui.o
    0x080026f8   0x00000124   Code   RO         3691    i.OLED_ScreenP2_Const  ui.o
    0x0800281c   0x0000010c   Code   RO         3692    i.OLED_ScreenP3_Const  ui.o
    0x08002928   0x000000a4   Code   RO         3255    i.OLED_ShowChar     oled.o
    0x080029cc   0x00000088   Code   RO         3256    i.OLED_ShowNum      oled.o
    0x08002a54   0x00000056   Code   RO         3257    i.OLED_ShowString   oled.o
    0x08002aaa   0x00000032   Code   RO         3258    i.OLED_ShowTime     oled.o
    0x08002adc   0x00000016   Code   RO         3693    i.OLED_StatusDetector  ui.o
    0x08002af2   0x0000000a   Code   RO         3259    i.OLED_WR_Byte      oled.o
    0x08002afc   0x00000002   Code   RO         4389    i.OSCfg_Init        os_cfg_app.o
    0x08002afe   0x00000002   PAD
    0x08002b00   0x00000010   Code   RO         5567    i.OSIdleTaskHook    os_cpu_c.o
    0x08002b10   0x00000184   Code   RO         4421    i.OSInit            os_core.o
    0x08002c94   0x00000024   Code   RO         5568    i.OSInitHook        os_cpu_c.o
    0x08002cb8   0x000000c8   Code   RO         4788    i.OSMemCreate       os_mem.o
    0x08002d80   0x00000074   Code   RO         4424    i.OSSched           os_core.o
    0x08002df4   0x00000054   Code   RO         4425    i.OSSchedLock       os_core.o
    0x08002e48   0x00000048   Code   RO         4426    i.OSSchedRoundRobinCfg  os_core.o
    0x08002e90   0x00000068   Code   RO         4428    i.OSSchedUnlock     os_core.o
    0x08002ef8   0x00000058   Code   RO         4429    i.OSStart           os_core.o
    0x08002f50   0x000000c4   Code   RO         5113    i.OSStatReset       os_stat.o
    0x08003014   0x0000009c   Code   RO         5114    i.OSStatTaskCPUUsageInit  os_stat.o
    0x080030b0   0x00000010   Code   RO         5569    i.OSStatTaskHook    os_cpu_c.o
    0x080030c0   0x000001b4   Code   RO         5144    i.OSTaskCreate      os_task.o
    0x08003274   0x00000010   Code   RO         5570    i.OSTaskCreateHook  os_cpu_c.o
    0x08003284   0x00000118   Code   RO         5145    i.OSTaskDel         os_task.o
    0x0800339c   0x00000010   Code   RO         5571    i.OSTaskDelHook     os_cpu_c.o
    0x080033ac   0x0000005c   Code   RO         5153    i.OSTaskResume      os_task.o
    0x08003408   0x00000010   Code   RO         5572    i.OSTaskReturnHook  os_cpu_c.o
    0x08003418   0x0000013c   Code   RO         5154    i.OSTaskSemPend     os_task.o
    0x08003554   0x00000094   Code   RO         5158    i.OSTaskStkChk      os_task.o
    0x080035e8   0x00000074   Code   RO         5573    i.OSTaskStkInit     os_cpu_c.o
    0x0800365c   0x00000054   Code   RO         5159    i.OSTaskSuspend     os_task.o
    0x080036b0   0x00000058   Code   RO         5574    i.OSTaskSwHook      os_cpu_c.o
    0x08003708   0x000000ac   Code   RO         5359    i.OSTimeDly         os_time.o
    0x080037b4   0x00000144   Code   RO         5360    i.OSTimeDlyHMSM     os_time.o
    0x080038f8   0x00000002   Code   RO         4659    i.OS_Dbg_Init       os_dbg.o
    0x080038fa   0x00000002   PAD
    0x080038fc   0x00000018   Code   RO         4685    i.OS_FlagInit       os_flag.o
    0x08003914   0x00000128   Code   RO         4686    i.OS_FlagPost       os_flag.o
    0x08003a3c   0x00000044   Code   RO         4687    i.OS_FlagTaskRdy    os_flag.o
    0x08003a80   0x00000028   Code   RO         4431    i.OS_IdleTask       os_core.o
    0x08003aa8   0x00000068   Code   RO         4432    i.OS_IdleTaskInit   os_core.o
    0x08003b10   0x000000b0   Code   RO         4758    i.OS_IntQPost       os_int.o
    0x08003bc0   0x0000011c   Code   RO         4759    i.OS_IntQRePost     os_int.o
    0x08003cdc   0x00000070   Code   RO         4760    i.OS_IntQTask       os_int.o
    0x08003d4c   0x00000118   Code   RO         4761    i.OS_IntQTaskInit   os_int.o
    0x08003e64   0x0000001c   Code   RO         4791    i.OS_MemDbgListAdd  os_mem.o
    0x08003e80   0x00000018   Code   RO         4792    i.OS_MemInit        os_mem.o
    0x08003e98   0x00000030   Code   RO         4824    i.OS_MsgPoolCreate  os_msg.o
    0x08003ec8   0x00000048   Code   RO         4825    i.OS_MsgPoolInit    os_msg.o
    0x08003f10   0x00000034   Code   RO         4826    i.OS_MsgQFreeAll    os_msg.o
    0x08003f44   0x0000000e   Code   RO         4828    i.OS_MsgQInit       os_msg.o
    0x08003f52   0x00000002   PAD
    0x08003f54   0x00000084   Code   RO         4829    i.OS_MsgQPut        os_msg.o
    0x08003fd8   0x00000018   Code   RO         4874    i.OS_MutexInit      os_mutex.o
    0x08003ff0   0x00000050   Code   RO         4433    i.OS_Pend           os_core.o
    0x08004040   0x00000030   Code   RO         4436    i.OS_PendDataInit   os_core.o
    0x08004070   0x00000048   Code   RO         4437    i.OS_PendDbgNameAdd  os_core.o
    0x080040b8   0x0000001c   Code   RO         4438    i.OS_PendDbgNameRemove  os_core.o
    0x080040d4   0x0000005a   Code   RO         4442    i.OS_PendListInsertPrio  os_core.o
    0x0800412e   0x00000026   Code   RO         4443    i.OS_PendListRemove  os_core.o
    0x08004154   0x00000036   Code   RO         4444    i.OS_PendListRemove1  os_core.o
    0x0800418a   0x00000098   Code   RO         4447    i.OS_Post           os_core.o
    0x08004222   0x00000026   Code   RO         4448    i.OS_Post1          os_core.o
    0x08004248   0x00000024   Code   RO         4932    i.OS_PrioGetHighest  os_prio.o
    0x0800426c   0x00000018   Code   RO         4933    i.OS_PrioInit       os_prio.o
    0x08004284   0x00000020   Code   RO         4934    i.OS_PrioInsert     os_prio.o
    0x080042a4   0x00000020   Code   RO         4935    i.OS_PrioRemove     os_prio.o
    0x080042c4   0x00000018   Code   RO         4978    i.OS_QInit          os_q.o
    0x080042dc   0x000000c4   Code   RO         4979    i.OS_QPost          os_q.o
    0x080043a0   0x00000024   Code   RO         4449    i.OS_RdyListInit    os_core.o
    0x080043c4   0x00000030   Code   RO         4450    i.OS_RdyListInsert  os_core.o
    0x080043f4   0x00000038   Code   RO         4451    i.OS_RdyListInsertHead  os_core.o
    0x0800442c   0x00000034   Code   RO         4452    i.OS_RdyListInsertTail  os_core.o
    0x08004460   0x00000034   Code   RO         4453    i.OS_RdyListMoveHeadToTail  os_core.o
    0x08004494   0x00000054   Code   RO         4454    i.OS_RdyListRemove  os_core.o
    0x080044e8   0x00000044   Code   RO         4455    i.OS_Sched0         os_core.o
    0x0800452c   0x0000001c   Code   RO         4456    i.OS_SchedLockTimeMeasStart  os_core.o
    0x08004548   0x0000003c   Code   RO         4457    i.OS_SchedLockTimeMeasStop  os_core.o
    0x08004584   0x00000064   Code   RO         4458    i.OS_SchedRoundRobin  os_core.o
    0x080045e8   0x00000018   Code   RO         5050    i.OS_SemInit        os_sem.o
    0x08004600   0x000000b4   Code   RO         5051    i.OS_SemPost        os_sem.o
    0x080046b4   0x00000230   Code   RO         5115    i.OS_StatTask       os_stat.o
    0x080048e4   0x000000bc   Code   RO         5116    i.OS_StatTaskInit   os_stat.o
    0x080049a0   0x0000002a   Code   RO         4459    i.OS_TaskBlock      os_core.o
    0x080049ca   0x00000002   PAD
    0x080049cc   0x00000024   Code   RO         5161    i.OS_TaskDbgListAdd  os_task.o
    0x080049f0   0x00000038   Code   RO         5162    i.OS_TaskDbgListRemove  os_task.o
    0x08004a28   0x00000020   Code   RO         5163    i.OS_TaskInit       os_task.o
    0x08004a48   0x000000c0   Code   RO         5164    i.OS_TaskInitTCB    os_task.o
    0x08004b08   0x000000ec   Code   RO         5165    i.OS_TaskQPost      os_task.o
    0x08004bf4   0x0000001c   Code   RO         4460    i.OS_TaskRdy        os_core.o
    0x08004c10   0x000000bc   Code   RO         5166    i.OS_TaskResume     os_task.o
    0x08004ccc   0x00000018   Code   RO         5167    i.OS_TaskReturn     os_task.o
    0x08004ce4   0x00000114   Code   RO         5168    i.OS_TaskSemPost    os_task.o
    0x08004df8   0x000000a8   Code   RO         5169    i.OS_TaskSuspend    os_task.o
    0x08004ea0   0x0000002c   Code   RO         5311    i.OS_TickListInit   os_tick.o
    0x08004ecc   0x000000d8   Code   RO         5312    i.OS_TickListInsert  os_tick.o
    0x08004fa4   0x00000036   Code   RO         5313    i.OS_TickListRemove  os_tick.o
    0x08004fda   0x00000002   PAD
    0x08004fdc   0x00000028   Code   RO         5314    i.OS_TickListResetPeak  os_tick.o
    0x08005004   0x00000150   Code   RO         5315    i.OS_TickListUpdate  os_tick.o
    0x08005154   0x00000028   Code   RO         5316    i.OS_TickTask       os_tick.o
    0x0800517c   0x000000a8   Code   RO         5317    i.OS_TickTaskInit   os_tick.o
    0x08005224   0x00000104   Code   RO         5410    i.OS_TmrInit        os_tmr.o
    0x08005328   0x00000098   Code   RO         5411    i.OS_TmrLink        os_tmr.o
    0x080053c0   0x00000028   Code   RO         5412    i.OS_TmrResetPeak   os_tmr.o
    0x080053e8   0x000000a4   Code   RO         5413    i.OS_TmrTask        os_tmr.o
    0x0800548c   0x0000004c   Code   RO         5414    i.OS_TmrUnlink      os_tmr.o
    0x080054d8   0x000002ec   Code   RO         2556    i.OrderResponse_Handler  protocol.o
    0x080057c4   0x00000024   Code   RO         3000    i.PVD_IRQHandler    pvd.o
    0x080057e8   0x00000074   Code   RO         3001    i.PVD_Init_Config   pvd.o
    0x0800585c   0x0000000c   Code   RO         1632    i.PWR_BackupAccessCmd  stm32f10x_pwr.o
    0x08005868   0x00000028   Code   RO         1635    i.PWR_EnterSTANDBYMode  stm32f10x_pwr.o
    0x08005890   0x00000034   Code   RO         1636    i.PWR_EnterSTOPMode  stm32f10x_pwr.o
    0x080058c4   0x00000014   Code   RO         1637    i.PWR_GetFlagStatus  stm32f10x_pwr.o
    0x080058d8   0x0000000c   Code   RO         1638    i.PWR_PVDCmd        stm32f10x_pwr.o
    0x080058e4   0x00000014   Code   RO         1639    i.PWR_PVDLevelConfig  stm32f10x_pwr.o
    0x080058f8   0x0000000c   Code   RO         1640    i.PWR_WakeUpPinCmd  stm32f10x_pwr.o
    0x08005904   0x000000e0   Code   RO         2651    i.PreTesFuncAlgInterface  sta_req.o
    0x080059e4   0x00000014   Code   RO          719    i.RCC_ADCCLKConfig  stm32f10x_rcc.o
    0x080059f8   0x00000018   Code   RO          720    i.RCC_AHBPeriphClockCmd  stm32f10x_rcc.o
    0x08005a10   0x00000018   Code   RO          721    i.RCC_APB1PeriphClockCmd  stm32f10x_rcc.o
    0x08005a28   0x00000018   Code   RO          722    i.RCC_APB1PeriphResetCmd  stm32f10x_rcc.o
    0x08005a40   0x00000018   Code   RO          723    i.RCC_APB2PeriphClockCmd  stm32f10x_rcc.o
    0x08005a58   0x00000018   Code   RO          724    i.RCC_APB2PeriphResetCmd  stm32f10x_rcc.o
    0x08005a70   0x0000000c   Code   RO          726    i.RCC_BackupResetCmd  stm32f10x_rcc.o
    0x08005a7c   0x00000062   Code   RO         3478    i.RCC_Configuration  sys.o
    0x08005ade   0x00000002   PAD
    0x08005ae0   0x00000040   Code   RO          730    i.RCC_DeInit        stm32f10x_rcc.o
    0x08005b20   0x00000090   Code   RO          731    i.RCC_GetClocksFreq  stm32f10x_rcc.o
    0x08005bb0   0x00000030   Code   RO          732    i.RCC_GetFlagStatus  stm32f10x_rcc.o
    0x08005be0   0x00000010   Code   RO          734    i.RCC_GetSYSCLKSource  stm32f10x_rcc.o
    0x08005bf0   0x00000014   Code   RO          735    i.RCC_HCLKConfig    stm32f10x_rcc.o
    0x08005c04   0x00000034   Code   RO          736    i.RCC_HSEConfig     stm32f10x_rcc.o
    0x08005c38   0x00000020   Code   RO          739    i.RCC_LSEConfig     stm32f10x_rcc.o
    0x08005c58   0x00000014   Code   RO          742    i.RCC_PCLK1Config   stm32f10x_rcc.o
    0x08005c6c   0x00000014   Code   RO          743    i.RCC_PCLK2Config   stm32f10x_rcc.o
    0x08005c80   0x0000000c   Code   RO          744    i.RCC_PLLCmd        stm32f10x_rcc.o
    0x08005c8c   0x00000014   Code   RO          745    i.RCC_PLLConfig     stm32f10x_rcc.o
    0x08005ca0   0x0000000c   Code   RO          746    i.RCC_RTCCLKCmd     stm32f10x_rcc.o
    0x08005cac   0x00000010   Code   RO          747    i.RCC_RTCCLKConfig  stm32f10x_rcc.o
    0x08005cbc   0x00000014   Code   RO          748    i.RCC_SYSCLKConfig  stm32f10x_rcc.o
    0x08005cd0   0x0000002c   Code   RO          750    i.RCC_WaitForHSEStartUp  stm32f10x_rcc.o
    0x08005cfc   0x00000010   Code   RO         1937    i.RTC_ClearITPendingBit  stm32f10x_rtc.o
    0x08005d0c   0x00000060   Code   RO         2927    i.RTC_DataStorage   rtc.o
    0x08005d6c   0x00000010   Code   RO         1938    i.RTC_EnterConfigMode  stm32f10x_rtc.o
    0x08005d7c   0x00000010   Code   RO         1939    i.RTC_ExitConfigMode  stm32f10x_rtc.o
    0x08005d8c   0x000000e0   Code   RO         2928    i.RTC_Get           rtc.o
    0x08005e6c   0x00000014   Code   RO         1940    i.RTC_GetCounter    stm32f10x_rtc.o
    0x08005e80   0x00000020   Code   RO         1943    i.RTC_GetITStatus   stm32f10x_rtc.o
    0x08005ea0   0x00000050   Code   RO         2929    i.RTC_Get_Week      rtc.o
    0x08005ef0   0x0000002a   Code   RO         2930    i.RTC_IRQHandler    rtc.o
    0x08005f1a   0x00000002   PAD
    0x08005f1c   0x00000018   Code   RO         1944    i.RTC_ITConfig      stm32f10x_rtc.o
    0x08005f34   0x000000d4   Code   RO         2931    i.RTC_Init          rtc.o
    0x08006008   0x00000178   Code   RO         2932    i.RTC_Init_Check    rtc.o
    0x08006180   0x00000180   Code   RO         2933    i.RTC_ReqOrderHandler  rtc.o
    0x08006300   0x000000d0   Code   RO         2934    i.RTC_Set           rtc.o
    0x080063d0   0x00000020   Code   RO         1946    i.RTC_SetCounter    stm32f10x_rtc.o
    0x080063f0   0x00000020   Code   RO         1947    i.RTC_SetPrescaler  stm32f10x_rtc.o
    0x08006410   0x0000003c   Code   RO         2935    i.RTC_TimeInitSetting  rtc.o
    0x0800644c   0x00000010   Code   RO         1948    i.RTC_WaitForLastTask  stm32f10x_rtc.o
    0x0800645c   0x00000018   Code   RO         1949    i.RTC_WaitForSynchro  stm32f10x_rtc.o
    0x08006474   0x00000004   Code   RO         2482    i.RTOS_TaskMgr      local_taskmgr.o
    0x08006478   0x00000034   Code   RO         2557    i.Response_Strings  protocol.o
    0x080064ac   0x0000008c   Code   RO         3385    i.RunLED_StatusCtrl  led.o
    0x08006538   0x00000002   Code   RO         2108    i.SVC_Handler       stm32f10x_it.o
    0x0800653a   0x00000002   PAD
    0x0800653c   0x000000a8   Code   RO         2350    i.SetSysClockTo72   system_stm32f10x.o
    0x080065e4   0x000000fc   Code   RO         2414    i.ShareResources_Handler  osiii_taskmgr.o
    0x080066e0   0x0000000e   Code   RO         2483    i.Streak_TaskRun    local_taskmgr.o
    0x080066ee   0x00000018   Code   RO            5    i.SysTick_CLKSourceConfig  misc.o
    0x08006706   0x00000014   Code   RO         3021    i.Sys_Enter_Standby  sleep.o
    0x0800671a   0x00000002   PAD
    0x0800671c   0x0000001c   Code   RO         3479    i.Sys_Soft_Reset    sys.o
    0x08006738   0x00000018   Code   RO         3022    i.Sys_Standby       sleep.o
    0x08006750   0x00000050   Code   RO         2352    i.SystemInit        system_stm32f10x.o
    0x080067a0   0x00000026   Code   RO         2730    i.TIM2_IRQHandler   time_base.o
    0x080067c6   0x00000034   Code   RO         2731    i.TIM2_RunLEDTick_Init  time_base.o
    0x080067fa   0x00000002   PAD
    0x080067fc   0x00000038   Code   RO         3581    i.TIM4_AuxUSART2_Init  usart2.o
    0x08006834   0x00000038   Code   RO         3582    i.TIM4_IRQHandler   usart2.o
    0x0800686c   0x00000020   Code   RO         3583    i.TIM4_Switch       usart2.o
    0x0800688c   0x00000006   Code   RO          927    i.TIM_ClearFlag     stm32f10x_tim.o
    0x08006892   0x00000006   Code   RO          928    i.TIM_ClearITPendingBit  stm32f10x_tim.o
    0x08006898   0x00000014   Code   RO          933    i.TIM_Cmd           stm32f10x_tim.o
    0x080068ac   0x00000170   Code   RO          938    i.TIM_DeInit        stm32f10x_tim.o
    0x08006a1c   0x00000018   Code   RO          954    i.TIM_GetITStatus   stm32f10x_tim.o
    0x08006a34   0x00000010   Code   RO          958    i.TIM_ITConfig      stm32f10x_tim.o
    0x08006a44   0x00000004   Code   RO          998    i.TIM_SetCounter    stm32f10x_tim.o
    0x08006a48   0x0000009c   Code   RO         1004    i.TIM_TimeBaseInit  stm32f10x_tim.o
    0x08006ae4   0x0000005c   Code   RO         3694    i.UIScreen_DisplayHandler  ui.o
    0x08006b40   0x00000068   Code   RO         3524    i.USART1_IRQHandler  usart1.o
    0x08006ba8   0x000000b0   Code   RO         3525    i.USART1_Init       usart1.o
    0x08006c58   0x00000058   Code   RO         3584    i.USART2_IRQHandler  usart2.o
    0x08006cb0   0x000000c4   Code   RO         3585    i.USART2_Init       usart2.o
    0x08006d74   0x00000014   Code   RO         1456    i.USART_Cmd         stm32f10x_usart.o
    0x08006d88   0x00000010   Code   RO         1457    i.USART_DMACmd      stm32f10x_usart.o
    0x08006d98   0x00000074   Code   RO         1458    i.USART_DeInit      stm32f10x_usart.o
    0x08006e0c   0x0000000e   Code   RO         1459    i.USART_GetFlagStatus  stm32f10x_usart.o
    0x08006e1a   0x0000003e   Code   RO         1460    i.USART_GetITStatus  stm32f10x_usart.o
    0x08006e58   0x00000030   Code   RO         1462    i.USART_ITConfig    stm32f10x_usart.o
    0x08006e88   0x000000ac   Code   RO         1463    i.USART_Init        stm32f10x_usart.o
    0x08006f34   0x00000008   Code   RO         1470    i.USART_ReceiveData  stm32f10x_usart.o
    0x08006f3c   0x00000008   Code   RO         1473    i.USART_SendData    stm32f10x_usart.o
    0x08006f44   0x00000028   Code   RO         2522    i.Universal_Resource_Config  config.o
    0x08006f6c   0x0000001c   Code   RO         2109    i.UsageFault_Handler  stm32f10x_it.o
    0x08006f88   0x00000044   Code   RO         3023    i.WKUP_Init         sleep.o
    0x08006fcc   0x00000020   Code   RO         5980    i.__0printf         mc_w.l(printfa.o)
    0x08006fec   0x00000028   Code   RO         6086    i.__ARM_fpclassify  m_ws.l(fpclassify.o)
    0x08007014   0x000000aa   Code   RO         6088    i.__kernel_poly     m_ws.l(poly.o)
    0x080070be   0x00000002   PAD
    0x080070c0   0x00000010   Code   RO         6072    i.__mathlib_dbl_divzero  m_ws.l(dunder.o)
    0x080070d0   0x00000004   Code   RO         6074    i.__mathlib_dbl_infnan2  m_ws.l(dunder.o)
    0x080070d4   0x0000000c   Code   RO         6075    i.__mathlib_dbl_invalid  m_ws.l(dunder.o)
    0x080070e0   0x0000000e   Code   RO         6076    i.__mathlib_dbl_overflow  m_ws.l(dunder.o)
    0x080070ee   0x00000002   PAD
    0x080070f0   0x00000010   Code   RO         6078    i.__mathlib_dbl_underflow  m_ws.l(dunder.o)
    0x08007100   0x0000000e   Code   RO         6151    i.__scatterload_copy  mc_w.l(handlers.o)
    0x0800710e   0x00000002   Code   RO         6152    i.__scatterload_null  mc_w.l(handlers.o)
    0x08007110   0x0000000e   Code   RO         6153    i.__scatterload_zeroinit  mc_w.l(handlers.o)
    0x0800711e   0x00000002   PAD
    0x08007120   0x0000000c   Code   RO         6129    i.__set_errno       mc_w.l(errno.o)
    0x0800712c   0x00000184   Code   RO         5987    i._fp_digits        mc_w.l(printfa.o)
    0x080072b0   0x000006dc   Code   RO         5988    i._printf_core      mc_w.l(printfa.o)
    0x0800798c   0x00000024   Code   RO         5989    i._printf_post_padding  mc_w.l(printfa.o)
    0x080079b0   0x0000002e   Code   RO         5990    i._printf_pre_padding  mc_w.l(printfa.o)
    0x080079de   0x00000002   PAD
    0x080079e0   0x00000050   Code   RO         3218    i.adcInnerTemperature_Init  temperature.o
    0x08007a30   0x0000003c   Code   RO         3075    i.adcx_AverageHandler  adc.o
    0x08007a6c   0x0000004c   Code   RO         2379    i.bspPeriSysCalls   main.o
    0x08007ab8   0x00000034   Code   RO         3449    i.delay_ms          delay.o
    0x08007aec   0x00000034   Code   RO         3450    i.delay_us          delay.o
    0x08007b20   0x0000000c   Code   RO         3641    i.detErrorStatus    error_warning.o
    0x08007b2c   0x00000764   Code   RO         2652    i.displaySystemInfo  sta_req.o
    0x08008290   0x0000002c   Code   RO         2415    i.divTaskNbr1       osiii_taskmgr.o
    0x080082bc   0x0000002c   Code   RO         2416    i.divTaskNbr2       osiii_taskmgr.o
    0x080082e8   0x0000002c   Code   RO         2417    i.divTaskNbr3       osiii_taskmgr.o
    0x08008314   0x0000002c   Code   RO         2418    i.divTaskNbr4       osiii_taskmgr.o
    0x08008340   0x00000150   Code   RO         2419    i.divTaskNbrS       osiii_taskmgr.o
    0x08008490   0x00000024   Code   RO         3527    i.fputc             usart1.o
    0x080084b4   0x00000026   Code   RO         3076    i.getADCxChannel_Data  adc.o
    0x080084da   0x00000002   PAD
    0x080084dc   0x0000002c   Code   RO         2380    i.main              main.o
    0x08008508   0x00000012   Code   RO         3025    i.mcu_StopMode      sleep.o
    0x0800851a   0x00000002   PAD
    0x0800851c   0x000000dc   Code   RO         3026    i.mcu_SuspendHandler  sleep.o
    0x080085f8   0x00000040   Code   RO         2806    i.mem_free          malloc.o
    0x08008638   0x0000005c   Code   RO         2807    i.mem_malloc        malloc.o
    0x08008694   0x00000030   Code   RO         2808    i.mem_perused       malloc.o
    0x080086c4   0x00000014   Code   RO         2809    i.myfree            malloc.o
    0x080086d8   0x00000020   Code   RO         2810    i.mymalloc          malloc.o
    0x080086f8   0x0000000e   Code   RO         2812    i.mymemset          malloc.o
    0x08008706   0x00000002   PAD
    0x08008708   0x00000340   Code   RO         2788    i.nQueen_CalculusHandler  n_queen.o
    0x08008a48   0x00000160   Code   RO         2558    i.orderExecuteFinished  protocol.o
    0x08008ba8   0x00000048   Code   RO         2420    i.osiiiTaskFuction  osiii_taskmgr.o
    0x08008bf0   0x00000250   Code   RO         2523    i.pclURC_DebugHandler  config.o
    0x08008e40   0x000009d8   Code   RO         5724    i.pow               m_ws.l(pow.o)
    0x08009818   0x00000004   Code   RO         2484    i.prio1TaskBus      local_taskmgr.o
    0x0800981c   0x00000044   Code   RO         2485    i.prio2TaskBus      local_taskmgr.o
    0x08009860   0x0000000e   Code   RO         2486    i.prio3TaskBus      local_taskmgr.o
    0x0800986e   0x00000002   Code   RO         2487    i.prio4TaskBus      local_taskmgr.o
    0x08009870   0x000003b8   Code   RO         2559    i.shellTrigger      protocol.o
    0x08009c28   0x0000004c   Code   RO         6092    i.sqrt              m_ws.l(sqrt.o)
    0x08009c74   0x00000104   Code   RO         2381    i.stackTaskManager  main.o
    0x08009d78   0x0000006e   Code   RO         3077    i.ucADCx_Config     adc.o
    0x08009de6   0x0000004a   Code   RO         3105    i.ucDMAx_Config     dma.o
    0x08009e30   0x00000050   Code   RO         2904    i.ucEXTI_ModeConfig  exti.o
    0x08009e80   0x000000b8   Code   RO         2878    i.ucGPIO_Config_Init  gpio.o
    0x08009f38   0x000000ec   Code   RO         2890    i.ucTimerx_InitSetting  timer.o
    0x0800a024   0x000000b8   Code   RO         2421    i.ucosiii_TaskMgr   osiii_taskmgr.o
    0x0800a0dc   0x00000254   Code   RO         2524    i.urcMapTable_Print  config.o
    0x0800a330   0x00000018   Code   RO         3529    i.usart1WaitForDataTransfer  usart1.o
    0x0800a348   0x00000018   Data   RO         2937    .constdata          rtc.o
    0x0800a360   0x000017c0   Data   RO         3261    .constdata          oled.o
    0x0800bb20   0x00000094   Data   RO         4400    .constdata          os_cfg_app.o
    0x0800bbb4   0x00000004   PAD
    0x0800bbb8   0x00000088   Data   RO         5725    .constdata          m_ws.l(pow.o)
    0x0800bc40   0x00000008   Data   RO         6090    .constdata          m_ws.l(qnan.o)
    0x0800bc48   0x00000020   Data   RO         6149    Region$$Table       anon$$obj.o


    Execution Region RW_IRAM1 (Base: 0x20000000, Size: 0x0000dc70, Max: 0x00010000, ABSOLUTE, COMPRESSED[0x00000064])

    Base Addr    Size         Type   Attr      Idx    E Section Name        Object

    0x20000000   0x00000014   Data   RW          751    .data               stm32f10x_rcc.o
    0x20000014   0x00000014   Data   RW         2353    .data               system_stm32f10x.o
    0x20000028   0x00000001   Data   RW         2382    .data               main.o
    0x20000029   0x0000000e   Data   RW         2525    .data               config.o
    0x20000037   0x00000001   PAD
    0x20000038   0x00000244   Data   RW         2560    .data               protocol.o
    0x2000027c   0x00000001   Data   RW         2790    .data               n_queen.o
    0x2000027d   0x00000011   Data   RW         2819    .data               malloc.o
    0x2000028e   0x00000014   Data   RW         2938    .data               rtc.o
    0x200002a2   0x00000002   PAD
    0x200002a4   0x00000004   Data   RW         3219    .data               temperature.o
    0x200002a8   0x00000004   Data   RW         3386    .data               led.o
    0x200002ac   0x00000002   Data   RW         3387    .data               led.o
    0x200002ae   0x00000004   Data   RW         3451    .data               delay.o
    0x200002b2   0x00000002   Data   RW         3531    .data               usart1.o
    0x200002b4   0x00000004   Data   RW         3532    .data               usart1.o
    0x200002b8   0x00000002   Data   RW         3589    .data               usart2.o
    0x200002ba   0x00000001   Data   RW         3642    .data               error_warning.o
    0x200002bb   0x00000001   PAD
    0x200002bc   0x0000000c   Data   RW         3695    .data               ui.o
    0x200002c8   0x00000004   Data   RW         3827    .data               cpu_core.o
    0x200002cc   0x00000008   Data   RW         4936    .data               os_prio.o
    0x200002d4   0x00000004   Data   RW         5498    .data               os_var.o
    0x200002d8   0x00000004   Data   RW         5499    .data               os_var.o
    0x200002dc   0x00000004   Data   RW         5500    .data               os_var.o
    0x200002e0   0x00000004   Data   RW         5501    .data               os_var.o
    0x200002e4   0x00000004   Data   RW         5502    .data               os_var.o
    0x200002e8   0x00000004   Data   RW         5503    .data               os_var.o
    0x200002ec   0x00000004   Data   RW         5504    .data               os_var.o
    0x200002f0   0x00000004   Data   RW         5505    .data               os_var.o
    0x200002f4   0x00000001   Data   RW         5506    .data               os_var.o
    0x200002f5   0x00000001   Data   RW         5507    .data               os_var.o
    0x200002f6   0x00000002   PAD
    0x200002f8   0x00000004   Data   RW         5508    .data               os_var.o
    0x200002fc   0x00000004   Data   RW         5509    .data               os_var.o
    0x20000300   0x00000002   Data   RW         5510    .data               os_var.o
    0x20000302   0x00000002   Data   RW         5511    .data               os_var.o
    0x20000304   0x00000002   Data   RW         5512    .data               os_var.o
    0x20000306   0x00000002   PAD
    0x20000308   0x00000004   Data   RW         5513    .data               os_var.o
    0x2000030c   0x00000004   Data   RW         5514    .data               os_var.o
    0x20000310   0x00000002   Data   RW         5515    .data               os_var.o
    0x20000312   0x00000002   PAD
    0x20000314   0x00000004   Data   RW         5516    .data               os_var.o
    0x20000318   0x00000002   Data   RW         5517    .data               os_var.o
    0x2000031a   0x00000002   PAD
    0x2000031c   0x00000004   Data   RW         5518    .data               os_var.o
    0x20000320   0x00000002   Data   RW         5519    .data               os_var.o
    0x20000322   0x00000001   Data   RW         5520    .data               os_var.o
    0x20000323   0x00000001   Data   RW         5521    .data               os_var.o
    0x20000324   0x00000001   Data   RW         5522    .data               os_var.o
    0x20000325   0x00000003   PAD
    0x20000328   0x00000004   Data   RW         5523    .data               os_var.o
    0x2000032c   0x00000002   Data   RW         5524    .data               os_var.o
    0x2000032e   0x00000002   PAD
    0x20000330   0x00000004   Data   RW         5525    .data               os_var.o
    0x20000334   0x00000004   Data   RW         5526    .data               os_var.o
    0x20000338   0x00000004   Data   RW         5527    .data               os_var.o
    0x2000033c   0x00000001   Data   RW         5528    .data               os_var.o
    0x2000033d   0x00000003   PAD
    0x20000340   0x00000004   Data   RW         5529    .data               os_var.o
    0x20000344   0x00000001   Data   RW         5530    .data               os_var.o
    0x20000345   0x00000003   PAD
    0x20000348   0x00000004   Data   RW         5531    .data               os_var.o
    0x2000034c   0x00000002   Data   RW         5532    .data               os_var.o
    0x2000034e   0x00000001   Data   RW         5533    .data               os_var.o
    0x2000034f   0x00000001   PAD
    0x20000350   0x00000002   Data   RW         5534    .data               os_var.o
    0x20000352   0x00000002   Data   RW         5535    .data               os_var.o
    0x20000354   0x00000004   Data   RW         5536    .data               os_var.o
    0x20000358   0x00000004   Data   RW         5537    .data               os_var.o
    0x2000035c   0x00000004   Data   RW         5538    .data               os_var.o
    0x20000360   0x00000001   Data   RW         5539    .data               os_var.o
    0x20000361   0x00000003   PAD
    0x20000364   0x00000004   Data   RW         5540    .data               os_var.o
    0x20000368   0x00000004   Data   RW         5541    .data               os_var.o
    0x2000036c   0x00000004   Data   RW         5542    .data               os_var.o
    0x20000370   0x00000002   Data   RW         5543    .data               os_var.o
    0x20000372   0x00000001   Data   RW         5544    .data               os_var.o
    0x20000373   0x00000001   PAD
    0x20000374   0x00000004   Data   RW         5545    .data               os_var.o
    0x20000378   0x00000004   Data   RW         5546    .data               os_var.o
    0x2000037c   0x00000004   Data   RW         5547    .data               os_var.o
    0x20000380   0x00000004   Data   RW         5549    .data               os_var.o
    0x20000384   0x00000004   Data   RW         5550    .data               os_var.o
    0x20000388   0x00000004   Data   RW         5551    .data               os_var.o
    0x2000038c   0x00000004   Data   RW         5552    .data               os_var.o
    0x20000390   0x00000004   Data   RW         5553    .data               os_var.o
    0x20000394   0x00000004   Data   RW         5554    .data               os_var.o
    0x20000398   0x00000004   Data   RW         5578    .data               os_cpu_c.o
    0x2000039c   0x00000004   Data   RW         6130    .data               mc_w.l(errno.o)
    0x200003a0   0x00001020   Zero   RW         2422    .bss                osiii_taskmgr.o
    0x200013c0   0x0000000c   Zero   RW         2653    .bss                sta_req.o
    0x200013cc   0x00000054   Zero   RW         2789    .bss                n_queen.o
    0x20001420   0x00008c00   Zero   RW         2814    .bss                malloc.o
    0x2000a020   0x000008c0   Zero   RW         2815    .bss                malloc.o
    0x2000a8e0   0x0000000e   Zero   RW         2936    .bss                rtc.o
    0x2000a8ee   0x00000400   Zero   RW         3260    .bss                oled.o
    0x2000acee   0x00000800   Zero   RW         3530    .bss                usart1.o
    0x2000b4ee   0x00000002   PAD
    0x2000b4f0   0x00000800   Zero   RW         3588    .bss                usart2.o
    0x2000bcf0   0x00000010   Zero   RW         3824    .bss                cpu_core.o
    0x2000bd00   0x00000200   Zero   RW         4390    .bss                os_cfg_app.o
    0x2000bf00   0x00000140   Zero   RW         4391    .bss                os_cfg_app.o
    0x2000c040   0x00000200   Zero   RW         4392    .bss                os_cfg_app.o
    0x2000c240   0x00000200   Zero   RW         4393    .bss                os_cfg_app.o
    0x2000c440   0x00000640   Zero   RW         4394    .bss                os_cfg_app.o
    0x2000ca80   0x00000200   Zero   RW         4395    .bss                os_cfg_app.o
    0x2000cc80   0x00000200   Zero   RW         4396    .bss                os_cfg_app.o
    0x2000ce80   0x00000088   Zero   RW         4397    .bss                os_cfg_app.o
    0x2000cf08   0x00000200   Zero   RW         4398    .bss                os_cfg_app.o
    0x2000d108   0x00000088   Zero   RW         4399    .bss                os_cfg_app.o
    0x2000d190   0x000000c4   Zero   RW         5491    .bss                os_var.o
    0x2000d254   0x000000c4   Zero   RW         5492    .bss                os_var.o
    0x2000d318   0x0000000c   Zero   RW         5493    .bss                os_var.o
    0x2000d324   0x00000300   Zero   RW         5494    .bss                os_var.o
    0x2000d624   0x000000c4   Zero   RW         5495    .bss                os_var.o
    0x2000d6e8   0x000000c4   Zero   RW         5496    .bss                os_var.o
    0x2000d7ac   0x000000c4   Zero   RW         5497    .bss                os_var.o
    0x2000d870   0x00000400   Zero   RW         3430    STACK               startup_stm32f10x_hd.o


==============================================================================

Image component sizes


      Code (inc. data)   RO Data    RW Data    ZI Data      Debug   Object Name

       208          0          0          0          0       2672   adc.o
        28          4          0          0          0        495   beep.o
        76         16          0          0          0       2234   bsp.o
      1228        556          0         14          0       4537   config.o
        52          0          0          0          0        380   cpu_a.o
        68         16          0          4         16      11558   cpu_core.o
       164         26          0          4          0       1903   delay.o
       202         28          0          0          0       2428   dma.o
      1124        502          0          1          0       3293   error_warning.o
       204          8          0          0          0       1964   exti.o
       184          0          0          0          0       1401   gpio.o
       248         30          0          0          0       1270   key.o
       420         52          0          6          0       2026   led.o
        76          0          0          0          0       1792   lib_mem.o
       106          4          0          0          0       3344   local_taskmgr.o
        80         14          0          0          0       1071   low_voltage.o
       380         92          0          1          0       3340   main.o
       930        204          0         17      38080       7068   malloc.o
       164         24          0          0          0     277199   misc.o
       832        156          0          1         84       2021   n_queen.o
      1206         62       6080          0       1024      11454   oled.o
         2          0        148          0       5264      21006   os_cfg_app.o
      2250        374          0          0          0      20772   os_core.o
       152         32          0          0          0        436   os_cpu_a.o
       320         54          0          4          0       6355   os_cpu_c.o
         2          0          0          0          0        502   os_dbg.o
       388         28          0          0          0       3207   os_flag.o
       852        202          0          0          0       3738   os_int.o
       252         32          0          0          0       2622   os_mem.o
       318         22          0          0          0       4008   os_msg.o
        24         10          0          0          0       1005   os_mutex.o
       124         16          0          8          0       3006   os_prio.o
       220         20          0          0          0       2344   os_q.o
       204         16          0          0          0       2186   os_sem.o
      1100        212          0          0          0       4115   os_stat.o
      2564        248          0          0          0      14128   os_task.o
       898        128          0          0          0       5913   os_tick.o
       496         32          0          0          0       2544   os_time.o
       692        136          0          0          0       4332   os_tmr.o
         0          0          0        172       1760      19433   os_var.o
      1020        304          0          0       4128       6408   osiii_taskmgr.o
      2680        756          0        580          0       6723   protocol.o
       152          4          0          0          0       1163   pvd.o
      1720        304         24         20         14       8541   rtc.o
       424         80          0          0          0       4328   sleep.o
      2248        848          0          0         12       4001   sta_req.o
        36          8        304          0       1024        868   startup_stm32f10x_hd.o
       392         28          0          0          0       9717   stm32f10x_adc.o
        50          8          0          0          0       2820   stm32f10x_bkp.o
       286         10          0          0          0       3160   stm32f10x_dma.o
       124         10          0          0          0       1645   stm32f10x_exti.o
        44         12          0          0          0       1145   stm32f10x_flash.o
       312         12          0          0          0       5272   stm32f10x_gpio.o
        92         12          0          0          0      46634   stm32f10x_it.o
       168         44          0          0          0       4002   stm32f10x_pwr.o
       692        134          0         20          0      15743   stm32f10x_rcc.o
       228         50          0          0          0       6070   stm32f10x_rtc.o
       600        106          0          0          0       6819   stm32f10x_tim.o
       464         26          0          0          0       7891   stm32f10x_usart.o
       134          8          0          0          0      16741   sys.o
       248         24          0         20          0       1985   system_stm32f10x.o
       228         38          0          4          0       1574   temperature.o
        90          0          0          0          0       1169   time_base.o
       236         10          0          0          0       1659   timer.o
      1566        280          0         12          0       8122   ui.o
       340         34          0          6       2048       5298   usart1.o
       428         52          0          2       2048       4116   usart2.o

    ----------------------------------------------------------------------
     33880       6558       6592        924      55504     648716   Object Totals
         0          0         32          0          0          0   (incl. Generated)
        40          0          4         28          2          0   (incl. Padding)

    ----------------------------------------------------------------------

      Code (inc. data)   RO Data    RW Data    ZI Data      Debug   Library Member Name

        62         10          0          0          0        340   dunder.o
        40          0          0          0          0         68   fpclassify.o
       170          0          0          0          0         96   poly.o
      2520        190        136          0          0        324   pow.o
         0          0          8          0          0          0   qnan.o
        76          0          0          0          0         84   sqrt.o
        86          0          0          0          0          0   __dczerorl2.o
         0          0          0          0          0          0   entry.o
         0          0          0          0          0          0   entry10a.o
         0          0          0          0          0          0   entry11a.o
         8          4          0          0          0          0   entry2.o
         4          0          0          0          0          0   entry5.o
         0          0          0          0          0          0   entry7b.o
         0          0          0          0          0          0   entry8b.o
         8          4          0          0          0          0   entry9a.o
        12          6          0          4          0         68   errno.o
        30          0          0          0          0          0   handlers.o
        36          8          0          0          0         68   init.o
         0          0          0          0          0          0   iusefp.o
        30          0          0          0          0         68   llshl.o
        36          0          0          0          0         68   llsshr.o
        32          0          0          0          0         68   llushr.o
      2258         90          0          0          0        452   printfa.o
        44          0          0          0          0         80   uidiv.o
        98          0          0          0          0         92   uldiv.o
        48          0          0          0          0         68   cdrcmple.o
        20          0          0          0          0         68   cfcmple.o
        56          0          0          0          0         88   d2f.o
       334          0          0          0          0        148   dadd.o
       222          0          0          0          0        100   ddiv.o
       186          0          0          0          0        176   depilogue.o
        50          0          0          0          0         76   dfixui.o
        48          0          0          0          0         68   dfixul.o
        34          0          0          0          0         76   dflti.o
        26          0          0          0          0         76   dfltui.o
       228          0          0          0          0         96   dmul.o
        46          0          0          0          0         80   dscalb.o
       162          0          0          0          0        100   dsqrt.o
        38          0          0          0          0         68   f2d.o
       176          0          0          0          0        140   fadd.o
       124          0          0          0          0         88   fdiv.o
       110          0          0          0          0        168   fepilogue.o
        40          0          0          0          0         68   ffixui.o
        10          0          0          0          0         68   ffltui.o
       100          0          0          0          0         76   fmul.o

    ----------------------------------------------------------------------
      7616        312        144          4          0       3772   Library Totals
         8          0          0          0          0          0   (incl. Padding)

    ----------------------------------------------------------------------

      Code (inc. data)   RO Data    RW Data    ZI Data      Debug   Library Name

      2868        200        144          0          0        912   m_ws.l
      2682        112          0          4          0        964   mc_w.l
      2058          0          0          0          0       1896   mf_w.l

    ----------------------------------------------------------------------
      7616        312        144          4          0       3772   Library Totals

    ----------------------------------------------------------------------

==============================================================================


      Code (inc. data)   RO Data    RW Data    ZI Data      Debug   

     41496       6870       6736        928      55504     633948   Grand Totals
     41496       6870       6736        100      55504     633948   ELF Image Totals (compressed)
     41496       6870       6736        100          0          0   ROM Totals

==============================================================================

    Total RO  Size (Code + RO Data)                48232 (  47.10kB)
    Total RW  Size (RW Data + ZI Data)             56432 (  55.11kB)
    Total ROM Size (Code + RO Data + RW Data)      48332 (  47.20kB)

==============================================================================

