<html>
<body>
<pre>
<h1>µVision Build Log</h1>
<h2>Tool Versions:</h2>
IDE-Version: ¦ÌVision V5.21.1.0
Copyright (C) 2016 ARM Ltd and ARM Germany GmbH. All rights reserved.
License Information: Neod Anderjon, </MATRIX>, LIC=UB401-CUHG8-AUH4J-U69UR-4CULD-FEJKK
 
Tool Versions:
Toolchain:       MDK-ARM Professional  Version: 5.21a
Toolchain Path:  D:\Program Files (x86)\KeiluVision\MDK 5.21\ARM\ARMCC\Bin
C Compiler:      Armcc.exe V5.06 update 3 (build 300)
Assembler:       Armasm.exe V5.06 update 3 (build 300)
Linker/Locator:  ArmLink.exe V5.06 update 3 (build 300)
Library Manager: ArmAr.exe V5.06 update 3 (build 300)
Hex Converter:   FromElf.exe V5.06 update 3 (build 300)
CPU DLL:         SARMCM3.DLL V5.21a
Dialog DLL:      DCM.DLL V1.13.8.0
Target DLL:      Segger\JL2CM3.dll V2.99.23.0
Dialog DLL:      TCM.DLL V1.14.14.0
 
<h2>Project:</h2>
E:\KeilUvision4Files\ARMFiles\EmbeddedDevelopPrivateLib\EmbeddedBreakerCore\Intergration\Project\EmbeddedBreakerCore.uvprojx
Project File Date:  11/03/2017

<h2>Output:</h2>
*** Using Compiler 'V5.06 update 3 (build 300)', folder: 'D:\Program Files (x86)\KeiluVision\MDK 5.21\ARM\ARMCC\Bin'
Build target 'EmbeddedBreakerCore'
compiling ui.c...
linking...
Program Size: Code=41496 RO-data=6736 RW-data=928 ZI-data=55504  
FromELF: creating hex file...
"..\..\Hex_Object\EmbeddedBreakerCore.axf" - 0 Error(s), 0 Warning(s).

<h2>Collection of Component include folders:</h2>
  E:\KeilUvision4Files\ARMFiles\EmbeddedDevelopPrivateLib\EmbeddedBreakerCore\Intergration\Project\RTE
  D:\Program Files (x86)\KeiluVision\MDK 5.21\ARM\PACK\Keil\STM32F1xx_DFP\1.1.0\Device\Include

<h2>Collection of Component Files used:</h2>
Build Time Elapsed:  00:00:02
</pre>
</body>
</html>
